<?xml version="1.0" encoding="ISO-8859-1" ?>
<link_info>
   <banner>TI ARM Linker PC v20.2.5.LTS</banner>
   <copyright>Copyright (c) 1996-2018 Texas Instruments Incorporated</copyright>
   <link_time>0x61afbc2b</link_time>
   <link_errors>0x0</link_errors>
   <output_file>rfEasyLinkEchoRx_CC1310_LAUNCHXL_nortos_ccs.out</output_file>
   <entry_point>
      <name>resetISR</name>
      <address>0x3521</address>
   </entry_point>
   <input_file_list>
      <input_file id="fl-2">
         <path>.\</path>
         <kind>object</kind>
         <file>CC1310_LAUNCHXL.obj</file>
         <name>CC1310_LAUNCHXL.obj</name>
      </input_file>
      <input_file id="fl-3">
         <path>.\</path>
         <kind>object</kind>
         <file>CC1310_LAUNCHXL_fxns.obj</file>
         <name>CC1310_LAUNCHXL_fxns.obj</name>
      </input_file>
      <input_file id="fl-4">
         <path>.\</path>
         <kind>object</kind>
         <file>ccfg.obj</file>
         <name>ccfg.obj</name>
      </input_file>
      <input_file id="fl-5">
         <path>.\</path>
         <kind>object</kind>
         <file>main_nortos.obj</file>
         <name>main_nortos.obj</name>
      </input_file>
      <input_file id="fl-6">
         <path>.\</path>
         <kind>object</kind>
         <file>rfEasyLinkEchoRx_nortos.obj</file>
         <name>rfEasyLinkEchoRx_nortos.obj</name>
      </input_file>
      <input_file id="fl-7">
         <path>.\easylink\</path>
         <kind>object</kind>
         <file>EasyLink_nortos.obj</file>
         <name>EasyLink_nortos.obj</name>
      </input_file>
      <input_file id="fl-8">
         <path>.\easylink\</path>
         <kind>object</kind>
         <file>easylink_config.obj</file>
         <name>easylink_config.obj</name>
      </input_file>
      <input_file id="fl-9">
         <path>.\smartrf_settings\</path>
         <kind>object</kind>
         <file>smartrf_settings.obj</file>
         <name>smartrf_settings.obj</name>
      </input_file>
      <input_file id="fl-a">
         <path>.\smartrf_settings\</path>
         <kind>object</kind>
         <file>smartrf_settings_predefined.obj</file>
         <name>smartrf_settings_predefined.obj</name>
      </input_file>
      <input_file id="fl-15">
         <kind>object</kind>
         <file>&lt;internal&gt;</file>
         <name>&lt;internal&gt;</name>
      </input_file>
      <input_file id="fl-16">
         <path>C:\ti\simplelink_cc13x0_sdk_4_20_01_03\source\ti\display\lib\</path>
         <kind>archive</kind>
         <file>display.aem3</file>
         <name>DisplayUart.oem3</name>
      </input_file>
      <input_file id="fl-17">
         <path>C:\ti\simplelink_cc13x0_sdk_4_20_01_03\source\ti\drivers\rf\lib\</path>
         <kind>archive</kind>
         <file>rf_multiMode_cc13x0.aem3</file>
         <name>RFCC26XX_multiMode.oem3</name>
      </input_file>
      <input_file id="fl-18">
         <path>C:\ti\simplelink_cc13x0_sdk_4_20_01_03\source\ti\drivers\lib\</path>
         <kind>archive</kind>
         <file>drivers_cc13x0.aem3</file>
         <name>NVSSPI25X.oem3</name>
      </input_file>
      <input_file id="fl-19">
         <path>C:\ti\simplelink_cc13x0_sdk_4_20_01_03\source\ti\drivers\lib\</path>
         <kind>archive</kind>
         <file>drivers_cc13x0.aem3</file>
         <name>SDSPI.oem3</name>
      </input_file>
      <input_file id="fl-1a">
         <path>C:\ti\simplelink_cc13x0_sdk_4_20_01_03\source\ti\drivers\lib\</path>
         <kind>archive</kind>
         <file>drivers_cc13x0.aem3</file>
         <name>List.oem3</name>
      </input_file>
      <input_file id="fl-1b">
         <path>C:\ti\simplelink_cc13x0_sdk_4_20_01_03\source\ti\drivers\lib\</path>
         <kind>archive</kind>
         <file>drivers_cc13x0.aem3</file>
         <name>ADCCC26XX.oem3</name>
      </input_file>
      <input_file id="fl-1c">
         <path>C:\ti\simplelink_cc13x0_sdk_4_20_01_03\source\ti\drivers\lib\</path>
         <kind>archive</kind>
         <file>drivers_cc13x0.aem3</file>
         <name>ADCBufCC26XX.oem3</name>
      </input_file>
      <input_file id="fl-1d">
         <path>C:\ti\simplelink_cc13x0_sdk_4_20_01_03\source\ti\drivers\lib\</path>
         <kind>archive</kind>
         <file>drivers_cc13x0.aem3</file>
         <name>UDMACC26XX.oem3</name>
      </input_file>
      <input_file id="fl-1e">
         <path>C:\ti\simplelink_cc13x0_sdk_4_20_01_03\source\ti\drivers\lib\</path>
         <kind>archive</kind>
         <file>drivers_cc13x0.aem3</file>
         <name>GPIOCC26XX.oem3</name>
      </input_file>
      <input_file id="fl-1f">
         <path>C:\ti\simplelink_cc13x0_sdk_4_20_01_03\source\ti\drivers\lib\</path>
         <kind>archive</kind>
         <file>drivers_cc13x0.aem3</file>
         <name>I2C.oem3</name>
      </input_file>
      <input_file id="fl-20">
         <path>C:\ti\simplelink_cc13x0_sdk_4_20_01_03\source\ti\drivers\lib\</path>
         <kind>archive</kind>
         <file>drivers_cc13x0.aem3</file>
         <name>I2CCC26XX.oem3</name>
      </input_file>
      <input_file id="fl-21">
         <path>C:\ti\simplelink_cc13x0_sdk_4_20_01_03\source\ti\drivers\lib\</path>
         <kind>archive</kind>
         <file>drivers_cc13x0.aem3</file>
         <name>NVSCC26XX.oem3</name>
      </input_file>
      <input_file id="fl-22">
         <path>C:\ti\simplelink_cc13x0_sdk_4_20_01_03\source\ti\drivers\lib\</path>
         <kind>archive</kind>
         <file>drivers_cc13x0.aem3</file>
         <name>PINCC26XX.oem3</name>
      </input_file>
      <input_file id="fl-23">
         <path>C:\ti\simplelink_cc13x0_sdk_4_20_01_03\source\ti\drivers\lib\</path>
         <kind>archive</kind>
         <file>drivers_cc13x0.aem3</file>
         <name>PowerCC26XX.oem3</name>
      </input_file>
      <input_file id="fl-24">
         <path>C:\ti\simplelink_cc13x0_sdk_4_20_01_03\source\ti\drivers\lib\</path>
         <kind>archive</kind>
         <file>drivers_cc13x0.aem3</file>
         <name>PowerCC26XX_calibrateRCOSC.oem3</name>
      </input_file>
      <input_file id="fl-25">
         <path>C:\ti\simplelink_cc13x0_sdk_4_20_01_03\source\ti\drivers\lib\</path>
         <kind>archive</kind>
         <file>drivers_cc13x0.aem3</file>
         <name>PWMTimerCC26XX.oem3</name>
      </input_file>
      <input_file id="fl-26">
         <path>C:\ti\simplelink_cc13x0_sdk_4_20_01_03\source\ti\drivers\lib\</path>
         <kind>archive</kind>
         <file>drivers_cc13x0.aem3</file>
         <name>SPI.oem3</name>
      </input_file>
      <input_file id="fl-27">
         <path>C:\ti\simplelink_cc13x0_sdk_4_20_01_03\source\ti\drivers\lib\</path>
         <kind>archive</kind>
         <file>drivers_cc13x0.aem3</file>
         <name>SPICC26XXDMA.oem3</name>
      </input_file>
      <input_file id="fl-28">
         <path>C:\ti\simplelink_cc13x0_sdk_4_20_01_03\source\ti\drivers\lib\</path>
         <kind>archive</kind>
         <file>drivers_cc13x0.aem3</file>
         <name>GPTimerCC26XX.oem3</name>
      </input_file>
      <input_file id="fl-29">
         <path>C:\ti\simplelink_cc13x0_sdk_4_20_01_03\source\ti\drivers\lib\</path>
         <kind>archive</kind>
         <file>drivers_cc13x0.aem3</file>
         <name>UART.oem3</name>
      </input_file>
      <input_file id="fl-2a">
         <path>C:\ti\simplelink_cc13x0_sdk_4_20_01_03\source\ti\drivers\lib\</path>
         <kind>archive</kind>
         <file>drivers_cc13x0.aem3</file>
         <name>UARTCC26XX.oem3</name>
      </input_file>
      <input_file id="fl-2b">
         <path>C:\ti\simplelink_cc13x0_sdk_4_20_01_03\source\ti\drivers\lib\</path>
         <kind>archive</kind>
         <file>drivers_cc13x0.aem3</file>
         <name>WatchdogCC26XX.oem3</name>
      </input_file>
      <input_file id="fl-2c">
         <path>C:\ti\simplelink_cc13x0_sdk_4_20_01_03\source\ti\drivers\lib\</path>
         <kind>archive</kind>
         <file>drivers_cc13x0.aem3</file>
         <name>RingBuf.oem3</name>
      </input_file>
      <input_file id="fl-2d">
         <path>C:\ti\simplelink_cc13x0_sdk_4_20_01_03\source\ti\drivers\lib\</path>
         <kind>archive</kind>
         <file>drivers_cc13x0.aem3</file>
         <name>ADCBuf.oem3</name>
      </input_file>
      <input_file id="fl-2e">
         <path>C:\ti\simplelink_cc13x0_sdk_4_20_01_03\kernel\nortos\lib\</path>
         <kind>archive</kind>
         <file>nortos_cc13x0.aem3</file>
         <name>NoRTOS.oem3</name>
      </input_file>
      <input_file id="fl-2f">
         <path>C:\ti\simplelink_cc13x0_sdk_4_20_01_03\kernel\nortos\lib\</path>
         <kind>archive</kind>
         <file>nortos_cc13x0.aem3</file>
         <name>SemaphoreP_nortos.oem3</name>
      </input_file>
      <input_file id="fl-30">
         <path>C:\ti\simplelink_cc13x0_sdk_4_20_01_03\kernel\nortos\lib\</path>
         <kind>archive</kind>
         <file>nortos_cc13x0.aem3</file>
         <name>SwiP_nortos.oem3</name>
      </input_file>
      <input_file id="fl-31">
         <path>C:\ti\simplelink_cc13x0_sdk_4_20_01_03\kernel\nortos\lib\</path>
         <kind>archive</kind>
         <file>nortos_cc13x0.aem3</file>
         <name>SystemP_nortos.oem3</name>
      </input_file>
      <input_file id="fl-32">
         <path>C:\ti\simplelink_cc13x0_sdk_4_20_01_03\kernel\nortos\lib\</path>
         <kind>archive</kind>
         <file>nortos_cc13x0.aem3</file>
         <name>ClockPTimer_nortos.oem3</name>
      </input_file>
      <input_file id="fl-33">
         <path>C:\ti\simplelink_cc13x0_sdk_4_20_01_03\kernel\nortos\lib\</path>
         <kind>archive</kind>
         <file>nortos_cc13x0.aem3</file>
         <name>TimerPCC26XX_nortos.oem3</name>
      </input_file>
      <input_file id="fl-34">
         <path>C:\ti\simplelink_cc13x0_sdk_4_20_01_03\kernel\nortos\lib\</path>
         <kind>archive</kind>
         <file>nortos_cc13x0.aem3</file>
         <name>HwiPCC26XX_nortos.oem3</name>
      </input_file>
      <input_file id="fl-35">
         <path>C:\ti\simplelink_cc13x0_sdk_4_20_01_03\kernel\nortos\lib\</path>
         <kind>archive</kind>
         <file>nortos_cc13x0.aem3</file>
         <name>PowerCC26XX_nortos.oem3</name>
      </input_file>
      <input_file id="fl-36">
         <path>C:\ti\simplelink_cc13x0_sdk_4_20_01_03\kernel\nortos\lib\</path>
         <kind>archive</kind>
         <file>nortos_cc13x0.aem3</file>
         <name>startup_cc13xx_cc26xx_ccs.oem3</name>
      </input_file>
      <input_file id="fl-37">
         <path>C:\ti\simplelink_cc13x0_sdk_4_20_01_03\kernel\nortos\lib\</path>
         <kind>archive</kind>
         <file>nortos_cc13x0.aem3</file>
         <name>QueueP_nortos.oem3</name>
      </input_file>
      <input_file id="fl-38">
         <path>C:\ti\simplelink_cc13x0_sdk_4_20_01_03\source\ti\devices\cc13x0\driverlib\bin\ccs\</path>
         <kind>archive</kind>
         <file>driverlib.lib</file>
         <name>adi.obj</name>
      </input_file>
      <input_file id="fl-39">
         <path>C:\ti\simplelink_cc13x0_sdk_4_20_01_03\source\ti\devices\cc13x0\driverlib\bin\ccs\</path>
         <kind>archive</kind>
         <file>driverlib.lib</file>
         <name>aon_batmon.obj</name>
      </input_file>
      <input_file id="fl-3a">
         <path>C:\ti\simplelink_cc13x0_sdk_4_20_01_03\source\ti\devices\cc13x0\driverlib\bin\ccs\</path>
         <kind>archive</kind>
         <file>driverlib.lib</file>
         <name>aon_rtc.obj</name>
      </input_file>
      <input_file id="fl-3b">
         <path>C:\ti\simplelink_cc13x0_sdk_4_20_01_03\source\ti\devices\cc13x0\driverlib\bin\ccs\</path>
         <kind>archive</kind>
         <file>driverlib.lib</file>
         <name>aux_adc.obj</name>
      </input_file>
      <input_file id="fl-3c">
         <path>C:\ti\simplelink_cc13x0_sdk_4_20_01_03\source\ti\devices\cc13x0\driverlib\bin\ccs\</path>
         <kind>archive</kind>
         <file>driverlib.lib</file>
         <name>chipinfo.obj</name>
      </input_file>
      <input_file id="fl-3d">
         <path>C:\ti\simplelink_cc13x0_sdk_4_20_01_03\source\ti\devices\cc13x0\driverlib\bin\ccs\</path>
         <kind>archive</kind>
         <file>driverlib.lib</file>
         <name>cpu.obj</name>
      </input_file>
      <input_file id="fl-3e">
         <path>C:\ti\simplelink_cc13x0_sdk_4_20_01_03\source\ti\devices\cc13x0\driverlib\bin\ccs\</path>
         <kind>archive</kind>
         <file>driverlib.lib</file>
         <name>driverlib_release.obj</name>
      </input_file>
      <input_file id="fl-3f">
         <path>C:\ti\simplelink_cc13x0_sdk_4_20_01_03\source\ti\devices\cc13x0\driverlib\bin\ccs\</path>
         <kind>archive</kind>
         <file>driverlib.lib</file>
         <name>flash.obj</name>
      </input_file>
      <input_file id="fl-40">
         <path>C:\ti\simplelink_cc13x0_sdk_4_20_01_03\source\ti\devices\cc13x0\driverlib\bin\ccs\</path>
         <kind>archive</kind>
         <file>driverlib.lib</file>
         <name>interrupt.obj</name>
      </input_file>
      <input_file id="fl-41">
         <path>C:\ti\simplelink_cc13x0_sdk_4_20_01_03\source\ti\devices\cc13x0\driverlib\bin\ccs\</path>
         <kind>archive</kind>
         <file>driverlib.lib</file>
         <name>osc.obj</name>
      </input_file>
      <input_file id="fl-42">
         <path>C:\ti\simplelink_cc13x0_sdk_4_20_01_03\source\ti\devices\cc13x0\driverlib\bin\ccs\</path>
         <kind>archive</kind>
         <file>driverlib.lib</file>
         <name>rfc.obj</name>
      </input_file>
      <input_file id="fl-43">
         <path>C:\ti\simplelink_cc13x0_sdk_4_20_01_03\source\ti\devices\cc13x0\driverlib\bin\ccs\</path>
         <kind>archive</kind>
         <file>driverlib.lib</file>
         <name>setup.obj</name>
      </input_file>
      <input_file id="fl-44">
         <path>C:\ti\simplelink_cc13x0_sdk_4_20_01_03\source\ti\devices\cc13x0\driverlib\bin\ccs\</path>
         <kind>archive</kind>
         <file>driverlib.lib</file>
         <name>setup_rom.obj</name>
      </input_file>
      <input_file id="fl-45">
         <path>C:\ti\simplelink_cc13x0_sdk_4_20_01_03\source\ti\devices\cc13x0\driverlib\bin\ccs\</path>
         <kind>archive</kind>
         <file>driverlib.lib</file>
         <name>sys_ctrl.obj</name>
      </input_file>
      <input_file id="fl-46">
         <path>C:\ti\simplelink_cc13x0_sdk_4_20_01_03\source\ti\devices\cc13x0\driverlib\bin\ccs\</path>
         <kind>archive</kind>
         <file>driverlib.lib</file>
         <name>vims.obj</name>
      </input_file>
      <input_file id="fl-47">
         <path>C:\ti\simplelink_cc13x0_sdk_4_20_01_03\source\ti\devices\cc13x0\driverlib\bin\ccs\</path>
         <kind>archive</kind>
         <file>driverlib.lib</file>
         <name>ddi.obj</name>
      </input_file>
      <input_file id="fl-fd">
         <path>C:\ti\ccs1100\ccs\tools\compiler\ti-cgt-arm_20.2.5.LTS\lib\</path>
         <kind>archive</kind>
         <file>rtsv7M3_T_le_eabi.lib</file>
         <name>fd_add_t2.asm.obj</name>
      </input_file>
      <input_file id="fl-fe">
         <path>C:\ti\ccs1100\ccs\tools\compiler\ti-cgt-arm_20.2.5.LTS\lib\</path>
         <kind>archive</kind>
         <file>rtsv7M3_T_le_eabi.lib</file>
         <name>fd_cmp_t2.asm.obj</name>
      </input_file>
      <input_file id="fl-ff">
         <path>C:\ti\ccs1100\ccs\tools\compiler\ti-cgt-arm_20.2.5.LTS\lib\</path>
         <kind>archive</kind>
         <file>rtsv7M3_T_le_eabi.lib</file>
         <name>fd_mul_t2.asm.obj</name>
      </input_file>
      <input_file id="fl-100">
         <path>C:\ti\ccs1100\ccs\tools\compiler\ti-cgt-arm_20.2.5.LTS\lib\</path>
         <kind>archive</kind>
         <file>rtsv7M3_T_le_eabi.lib</file>
         <name>fd_toi_t2.asm.obj</name>
      </input_file>
      <input_file id="fl-101">
         <path>C:\ti\ccs1100\ccs\tools\compiler\ti-cgt-arm_20.2.5.LTS\lib\</path>
         <kind>archive</kind>
         <file>rtsv7M3_T_le_eabi.lib</file>
         <name>fd_tou_t2.asm.obj</name>
      </input_file>
      <input_file id="fl-102">
         <path>C:\ti\ccs1100\ccs\tools\compiler\ti-cgt-arm_20.2.5.LTS\lib\</path>
         <kind>archive</kind>
         <file>rtsv7M3_T_le_eabi.lib</file>
         <name>i_tofd_t2.asm.obj</name>
      </input_file>
      <input_file id="fl-103">
         <path>C:\ti\ccs1100\ccs\tools\compiler\ti-cgt-arm_20.2.5.LTS\lib\</path>
         <kind>archive</kind>
         <file>rtsv7M3_T_le_eabi.lib</file>
         <name>ll_mul_t2.asm.obj</name>
      </input_file>
      <input_file id="fl-104">
         <path>C:\ti\ccs1100\ccs\tools\compiler\ti-cgt-arm_20.2.5.LTS\lib\</path>
         <kind>archive</kind>
         <file>rtsv7M3_T_le_eabi.lib</file>
         <name>memcpy_t2.asm.obj</name>
      </input_file>
      <input_file id="fl-105">
         <path>C:\ti\ccs1100\ccs\tools\compiler\ti-cgt-arm_20.2.5.LTS\lib\</path>
         <kind>archive</kind>
         <file>rtsv7M3_T_le_eabi.lib</file>
         <name>u_divt2.asm.obj</name>
      </input_file>
      <input_file id="fl-106">
         <path>C:\ti\ccs1100\ccs\tools\compiler\ti-cgt-arm_20.2.5.LTS\lib\</path>
         <kind>archive</kind>
         <file>rtsv7M3_T_le_eabi.lib</file>
         <name>ull_div_t2.asm.obj</name>
      </input_file>
      <input_file id="fl-107">
         <path>C:\ti\ccs1100\ccs\tools\compiler\ti-cgt-arm_20.2.5.LTS\lib\</path>
         <kind>archive</kind>
         <file>rtsv7M3_T_le_eabi.lib</file>
         <name>memset_t2.asm.obj</name>
      </input_file>
      <input_file id="fl-108">
         <path>C:\ti\ccs1100\ccs\tools\compiler\ti-cgt-arm_20.2.5.LTS\lib\</path>
         <kind>archive</kind>
         <file>rtsv7M3_T_le_eabi.lib</file>
         <name>copy_zero_init.c.obj</name>
      </input_file>
      <input_file id="fl-109">
         <path>C:\ti\ccs1100\ccs\tools\compiler\ti-cgt-arm_20.2.5.LTS\lib\</path>
         <kind>archive</kind>
         <file>rtsv7M3_T_le_eabi.lib</file>
         <name>copy_decompress_none.c.obj</name>
      </input_file>
      <input_file id="fl-10a">
         <path>C:\ti\ccs1100\ccs\tools\compiler\ti-cgt-arm_20.2.5.LTS\lib\</path>
         <kind>archive</kind>
         <file>rtsv7M3_T_le_eabi.lib</file>
         <name>copy_decompress_lzss.c.obj</name>
      </input_file>
      <input_file id="fl-10b">
         <path>C:\ti\ccs1100\ccs\tools\compiler\ti-cgt-arm_20.2.5.LTS\lib\</path>
         <kind>archive</kind>
         <file>rtsv7M3_T_le_eabi.lib</file>
         <name>memory.c.obj</name>
      </input_file>
      <input_file id="fl-10c">
         <path>C:\ti\ccs1100\ccs\tools\compiler\ti-cgt-arm_20.2.5.LTS\lib\</path>
         <kind>archive</kind>
         <file>rtsv7M3_T_le_eabi.lib</file>
         <name>rand.c.obj</name>
      </input_file>
      <input_file id="fl-10d">
         <path>C:\ti\ccs1100\ccs\tools\compiler\ti-cgt-arm_20.2.5.LTS\lib\</path>
         <kind>archive</kind>
         <file>rtsv7M3_T_le_eabi.lib</file>
         <name>strlen.c.obj</name>
      </input_file>
      <input_file id="fl-10e">
         <path>C:\ti\ccs1100\ccs\tools\compiler\ti-cgt-arm_20.2.5.LTS\lib\</path>
         <kind>archive</kind>
         <file>rtsv7M3_T_le_eabi.lib</file>
         <name>boot_cortex_m.c.obj</name>
      </input_file>
      <input_file id="fl-10f">
         <path>C:\ti\ccs1100\ccs\tools\compiler\ti-cgt-arm_20.2.5.LTS\lib\</path>
         <kind>archive</kind>
         <file>rtsv7M3_T_le_eabi.lib</file>
         <name>div0.asm.obj</name>
      </input_file>
      <input_file id="fl-110">
         <path>C:\ti\ccs1100\ccs\tools\compiler\ti-cgt-arm_20.2.5.LTS\lib\</path>
         <kind>archive</kind>
         <file>rtsv7M3_T_le_eabi.lib</file>
         <name>autoinit.c.obj</name>
      </input_file>
      <input_file id="fl-111">
         <path>C:\ti\ccs1100\ccs\tools\compiler\ti-cgt-arm_20.2.5.LTS\lib\</path>
         <kind>archive</kind>
         <file>rtsv7M3_T_le_eabi.lib</file>
         <name>pre_init.c.obj</name>
      </input_file>
      <input_file id="fl-112">
         <path>C:\ti\ccs1100\ccs\tools\compiler\ti-cgt-arm_20.2.5.LTS\lib\</path>
         <kind>archive</kind>
         <file>rtsv7M3_T_le_eabi.lib</file>
         <name>cpy_tbl.c.obj</name>
      </input_file>
      <input_file id="fl-113">
         <path>C:\ti\ccs1100\ccs\tools\compiler\ti-cgt-arm_20.2.5.LTS\lib\</path>
         <kind>archive</kind>
         <file>rtsv7M3_T_le_eabi.lib</file>
         <name>exit.c.obj</name>
      </input_file>
      <input_file id="fl-114">
         <path>C:\ti\ccs1100\ccs\tools\compiler\ti-cgt-arm_20.2.5.LTS\lib\</path>
         <kind>archive</kind>
         <file>rtsv7M3_T_le_eabi.lib</file>
         <name>_lock.c.obj</name>
      </input_file>
      <input_file id="fl-115">
         <path>C:\ti\ccs1100\ccs\tools\compiler\ti-cgt-arm_20.2.5.LTS\lib\</path>
         <kind>archive</kind>
         <file>rtsv7M3_T_le_eabi.lib</file>
         <name>args_main.c.obj</name>
      </input_file>
   </input_file_list>
   <object_component_list>
      <object_component id="oc-18">
         <name>.intvecs</name>
         <load_address>0x0</load_address>
         <run_address>0x0</run_address>
         <size>0xc8</size>
         <input_file_ref idref="fl-36"/>
      </object_component>
      <object_component id="oc-6fc">
         <name>.text:PowerCC26XX_auxISR</name>
         <load_address>0xc8</load_address>
         <run_address>0xc8</run_address>
         <size>0x30c</size>
         <input_file_ref idref="fl-24"/>
      </object_component>
      <object_component id="oc-856">
         <name>.text:NOROM_SysCtrlSetRechargeBeforePowerDown</name>
         <load_address>0x3d4</load_address>
         <run_address>0x3d4</run_address>
         <size>0x238</size>
         <input_file_ref idref="fl-45"/>
      </object_component>
      <object_component id="oc-6d1">
         <name>.text:Power_sleep</name>
         <load_address>0x60c</load_address>
         <run_address>0x60c</run_address>
         <size>0x224</size>
         <input_file_ref idref="fl-23"/>
      </object_component>
      <object_component id="oc-413">
         <name>.text:PIN_init</name>
         <load_address>0x830</load_address>
         <run_address>0x830</run_address>
         <size>0x1b0</size>
         <input_file_ref idref="fl-22"/>
      </object_component>
      <object_component id="oc-6ea">
         <name>.text:PowerCC26XX_doCalibrate</name>
         <load_address>0x9e0</load_address>
         <run_address>0x9e0</run_address>
         <size>0x190</size>
         <input_file_ref idref="fl-24"/>
      </object_component>
      <object_component id="oc-64a">
         <name>.text:I2CCC26XX_open</name>
         <load_address>0xb70</load_address>
         <run_address>0xb70</run_address>
         <size>0x14c</size>
         <input_file_ref idref="fl-20"/>
      </object_component>
      <object_component id="oc-132">
         <name>.text:NOROM_SetupAfterColdResetWakeupFromShutDownCfg3</name>
         <load_address>0xcbc</load_address>
         <run_address>0xcbc</run_address>
         <size>0x124</size>
         <input_file_ref idref="fl-44"/>
      </object_component>
      <object_component id="oc-7b9">
         <name>.text:I2CCC26XX_hwiFxn</name>
         <load_address>0xde0</load_address>
         <run_address>0xde0</run_address>
         <size>0x120</size>
         <input_file_ref idref="fl-20"/>
      </object_component>
      <object_component id="oc-40d">
         <name>.text:Power_init</name>
         <load_address>0xf00</load_address>
         <run_address>0xf00</run_address>
         <size>0x114</size>
         <input_file_ref idref="fl-23"/>
      </object_component>
      <object_component id="oc-4d9">
         <name>.text:PINCC26XX_setIoCfg</name>
         <load_address>0x1014</load_address>
         <run_address>0x1014</run_address>
         <size>0x110</size>
         <input_file_ref idref="fl-22"/>
      </object_component>
      <object_component id="oc-20f">
         <name>.text:mainThread</name>
         <load_address>0x1124</load_address>
         <run_address>0x1124</run_address>
         <size>0x106</size>
         <input_file_ref idref="fl-6"/>
      </object_component>
      <object_component id="oc-419">
         <name>.text:Board_initHook</name>
         <load_address>0x122a</load_address>
         <run_address>0x122a</run_address>
         <size>0x2</size>
         <input_file_ref idref="fl-3"/>
      </object_component>
      <object_component id="oc-574">
         <name>.text:PowerCC26XX_standbyPolicy</name>
         <load_address>0x122c</load_address>
         <run_address>0x122c</run_address>
         <size>0x100</size>
         <input_file_ref idref="fl-35"/>
      </object_component>
      <object_component id="oc-12c">
         <name>.text:NOROM_SetupAfterColdResetWakeupFromShutDownCfg2</name>
         <load_address>0x132c</load_address>
         <run_address>0x132c</run_address>
         <size>0xf0</size>
         <input_file_ref idref="fl-44"/>
      </object_component>
      <object_component id="oc-4f7">
         <name>.text:SwiP_construct</name>
         <load_address>0x141c</load_address>
         <run_address>0x141c</run_address>
         <size>0xd8</size>
         <input_file_ref idref="fl-30"/>
      </object_component>
      <object_component id="oc-650">
         <name>.text:I2CCC26XX_transfer</name>
         <load_address>0x14f4</load_address>
         <run_address>0x14f4</run_address>
         <size>0xd6</size>
         <input_file_ref idref="fl-20"/>
      </object_component>
      <object_component id="oc-957">
         <name>.text:IntDefaultHandler</name>
         <load_address>0x15ca</load_address>
         <run_address>0x15ca</run_address>
         <size>0x2</size>
         <input_file_ref idref="fl-40"/>
      </object_component>
      <object_component id="oc-c7">
         <name>.text:TrimAfterColdResetWakeupFromShutDown</name>
         <load_address>0x15cc</load_address>
         <run_address>0x15cc</run_address>
         <size>0xc8</size>
         <input_file_ref idref="fl-43"/>
      </object_component>
      <object_component id="oc-786">
         <name>.text:Power_releaseDependency</name>
         <load_address>0x1694</load_address>
         <run_address>0x1694</run_address>
         <size>0xbc</size>
         <input_file_ref idref="fl-23"/>
      </object_component>
      <object_component id="oc-4cd">
         <name>.text:Power_setDependency</name>
         <load_address>0x1750</load_address>
         <run_address>0x1750</run_address>
         <size>0xb4</size>
         <input_file_ref idref="fl-23"/>
      </object_component>
      <object_component id="oc-668">
         <name>.text:TimerP_construct</name>
         <load_address>0x1804</load_address>
         <run_address>0x1804</run_address>
         <size>0xb0</size>
         <input_file_ref idref="fl-33"/>
      </object_component>
      <object_component id="oc-67a">
         <name>.text:ClockP_workFuncDynamic</name>
         <load_address>0x18b4</load_address>
         <run_address>0x18b4</run_address>
         <size>0xa8</size>
         <input_file_ref idref="fl-32"/>
      </object_component>
      <object_component id="oc-75">
         <name>.text:NOROM_SetupTrimDevice</name>
         <load_address>0x195c</load_address>
         <run_address>0x195c</run_address>
         <size>0xa8</size>
         <input_file_ref idref="fl-43"/>
      </object_component>
      <object_component id="oc-126">
         <name>.text:NOROM_SetupAfterColdResetWakeupFromShutDownCfg1</name>
         <load_address>0x1a04</load_address>
         <run_address>0x1a04</run_address>
         <size>0xa4</size>
         <input_file_ref idref="fl-44"/>
      </object_component>
      <object_component id="oc-4a0">
         <name>.text:switchXOSCHFclockFunc</name>
         <load_address>0x1aa8</load_address>
         <run_address>0x1aa8</run_address>
         <size>0xa4</size>
         <input_file_ref idref="fl-23"/>
      </object_component>
      <object_component id="oc-7a7">
         <name>.text:PIN_open</name>
         <load_address>0x1b4c</load_address>
         <run_address>0x1b4c</run_address>
         <size>0xa0</size>
         <input_file_ref idref="fl-22"/>
      </object_component>
      <object_component id="oc-75d">
         <name>.text:SwiP_dispatch</name>
         <load_address>0x1bec</load_address>
         <run_address>0x1bec</run_address>
         <size>0xa0</size>
         <input_file_ref idref="fl-30"/>
      </object_component>
      <object_component id="oc-550">
         <name>.text:ClockP_startup</name>
         <load_address>0x1c8c</load_address>
         <run_address>0x1c8c</run_address>
         <size>0x9c</size>
         <input_file_ref idref="fl-32"/>
      </object_component>
      <object_component id="oc-57">
         <name>.text</name>
         <load_address>0x1d28</load_address>
         <run_address>0x1d28</run_address>
         <size>0x9c</size>
         <input_file_ref idref="fl-104"/>
      </object_component>
      <object_component id="oc-7d6">
         <name>.text:SemaphoreP_pend</name>
         <load_address>0x1dc4</load_address>
         <run_address>0x1dc4</run_address>
         <size>0x98</size>
         <input_file_ref idref="fl-2f"/>
      </object_component>
      <object_component id="oc-6aa">
         <name>.text</name>
         <load_address>0x1e5c</load_address>
         <run_address>0x1e5c</run_address>
         <size>0x96</size>
         <input_file_ref idref="fl-106"/>
      </object_component>
      <object_component id="oc-798">
         <name>.text:SemaphoreP_destruct</name>
         <load_address>0x1ef2</load_address>
         <run_address>0x1ef2</run_address>
         <size>0x2</size>
         <input_file_ref idref="fl-2f"/>
      </object_component>
      <object_component id="oc-632">
         <name>.text:I2CCC26XX_cancel</name>
         <load_address>0x1ef4</load_address>
         <run_address>0x1ef4</run_address>
         <size>0x90</size>
         <input_file_ref idref="fl-20"/>
      </object_component>
      <object_component id="oc-7e2">
         <name>.text:I2CCC26XX_primeTransfer</name>
         <load_address>0x1f84</load_address>
         <run_address>0x1f84</run_address>
         <size>0x8c</size>
         <input_file_ref idref="fl-20"/>
      </object_component>
      <object_component id="oc-491">
         <name>.text:ClockP_start</name>
         <load_address>0x2010</load_address>
         <run_address>0x2010</run_address>
         <size>0x80</size>
         <input_file_ref idref="fl-32"/>
      </object_component>
      <object_component id="oc-4eb">
         <name>.text:HwiP_construct</name>
         <load_address>0x2090</load_address>
         <run_address>0x2090</run_address>
         <size>0x78</size>
         <input_file_ref idref="fl-34"/>
      </object_component>
      <object_component id="oc-815">
         <name>.text:ClockP_walkQueueDynamic</name>
         <load_address>0x2108</load_address>
         <run_address>0x2108</run_address>
         <size>0x74</size>
         <input_file_ref idref="fl-32"/>
      </object_component>
      <object_component id="oc-185">
         <name>.text:NOROM_SetupSetVddrLevel</name>
         <load_address>0x217c</load_address>
         <run_address>0x217c</run_address>
         <size>0x74</size>
         <input_file_ref idref="fl-44"/>
      </object_component>
      <object_component id="oc-920">
         <name>.text:TimerP_start</name>
         <load_address>0x21f0</load_address>
         <run_address>0x21f0</run_address>
         <size>0x70</size>
         <input_file_ref idref="fl-33"/>
      </object_component>
      <object_component id="oc-6f0">
         <name>.text:PowerCC26XX_initiateCalibration</name>
         <load_address>0x2260</load_address>
         <run_address>0x2260</run_address>
         <size>0x6c</size>
         <input_file_ref idref="fl-24"/>
      </object_component>
      <object_component id="oc-7bf">
         <name>.text:I2CCC26XX_swiFxn</name>
         <load_address>0x22cc</load_address>
         <run_address>0x22cc</run_address>
         <size>0x68</size>
         <input_file_ref idref="fl-20"/>
      </object_component>
      <object_component id="oc-1b0">
         <name>.text:NOROM_SetupGetTrimForAmpcompCtrl</name>
         <load_address>0x2334</load_address>
         <run_address>0x2334</run_address>
         <size>0x68</size>
         <input_file_ref idref="fl-44"/>
      </object_component>
      <object_component id="oc-18c">
         <name>.text:NOROM_SetupGetTrimForAnabypassValue1</name>
         <load_address>0x239c</load_address>
         <run_address>0x239c</run_address>
         <size>0x68</size>
         <input_file_ref idref="fl-44"/>
      </object_component>
      <object_component id="oc-862">
         <name>.text:NOROM_SysCtrlAdjustRechargeAfterPowerDown</name>
         <load_address>0x2404</load_address>
         <run_address>0x2404</run_address>
         <size>0x68</size>
         <input_file_ref idref="fl-45"/>
      </object_component>
      <object_component id="oc-6bf">
         <name>.text:NOROM_SysCtrl_DCDC_VoltageConditionalControl</name>
         <load_address>0x246c</load_address>
         <run_address>0x246c</run_address>
         <size>0x68</size>
         <input_file_ref idref="fl-45"/>
      </object_component>
      <object_component id="oc-764">
         <name>.text:SwiP_post</name>
         <load_address>0x24d4</load_address>
         <run_address>0x24d4</run_address>
         <size>0x68</size>
         <input_file_ref idref="fl-30"/>
      </object_component>
      <object_component id="oc-1b">
         <name>.text:decompress:lzss:__TI_decompress_lzss</name>
         <load_address>0x253c</load_address>
         <run_address>0x253c</run_address>
         <size>0x68</size>
         <input_file_ref idref="fl-10a"/>
      </object_component>
      <object_component id="oc-4a6">
         <name>.text:lfClockReadyCallback</name>
         <load_address>0x25a4</load_address>
         <run_address>0x25a4</run_address>
         <size>0x68</size>
         <input_file_ref idref="fl-23"/>
      </object_component>
      <object_component id="oc-58f">
         <name>.text:NOROM_OSCHF_AttemptToSwitchToXosc</name>
         <load_address>0x260c</load_address>
         <run_address>0x260c</run_address>
         <size>0x64</size>
         <input_file_ref idref="fl-41"/>
      </object_component>
      <object_component id="oc-5b1">
         <name>.text:configureXOSCHF</name>
         <load_address>0x2670</load_address>
         <run_address>0x2670</run_address>
         <size>0x64</size>
         <input_file_ref idref="fl-23"/>
      </object_component>
      <object_component id="oc-1ee">
         <name>.text:NOROM_OSCClockSourceSet</name>
         <load_address>0x26d4</load_address>
         <run_address>0x26d4</run_address>
         <size>0x60</size>
         <input_file_ref idref="fl-41"/>
      </object_component>
      <object_component id="oc-57a">
         <name>.text:PowerCC26XX_calibrate</name>
         <load_address>0x2734</load_address>
         <run_address>0x2734</run_address>
         <size>0x60</size>
         <input_file_ref idref="fl-23"/>
      </object_component>
      <object_component id="oc-638">
         <name>.text:I2CCC26XX_close</name>
         <load_address>0x2794</load_address>
         <run_address>0x2794</run_address>
         <size>0x5c</size>
         <input_file_ref idref="fl-20"/>
      </object_component>
      <object_component id="oc-6f6">
         <name>.text:PowerCC26XX_RCOSC_clockFunc</name>
         <load_address>0x27f0</load_address>
         <run_address>0x27f0</run_address>
         <size>0x5c</size>
         <input_file_ref idref="fl-24"/>
      </object_component>
      <object_component id="oc-8bd">
         <name>.text:PIN_remove</name>
         <load_address>0x284c</load_address>
         <run_address>0x284c</run_address>
         <size>0x58</size>
         <input_file_ref idref="fl-22"/>
      </object_component>
      <object_component id="oc-c1">
         <name>.text:NOROM_SetupSetCacheModeAccordingToCcfgSetting</name>
         <load_address>0x28a4</load_address>
         <run_address>0x28a4</run_address>
         <size>0x50</size>
         <input_file_ref idref="fl-44"/>
      </object_component>
      <object_component id="oc-5d3">
         <name>.text:SemaphoreP_construct</name>
         <load_address>0x28f4</load_address>
         <run_address>0x28f4</run_address>
         <size>0x50</size>
         <input_file_ref idref="fl-2f"/>
      </object_component>
      <object_component id="oc-779">
         <name>.text:I2CCC26XX_initHw</name>
         <load_address>0x2944</load_address>
         <run_address>0x2944</run_address>
         <size>0x4c</size>
         <input_file_ref idref="fl-20"/>
      </object_component>
      <object_component id="oc-479">
         <name>.text:ClockP_construct</name>
         <load_address>0x2990</load_address>
         <run_address>0x2990</run_address>
         <size>0x48</size>
         <input_file_ref idref="fl-32"/>
      </object_component>
      <object_component id="oc-85c">
         <name>.text:SwiP_restore</name>
         <load_address>0x29d8</load_address>
         <run_address>0x29d8</run_address>
         <size>0x44</size>
         <input_file_ref idref="fl-30"/>
      </object_component>
      <object_component id="oc-222">
         <name>.text:__TI_auto_init_nobinit_nopinit:__TI_auto_init_nobinit_nopinit</name>
         <load_address>0x2a1c</load_address>
         <run_address>0x2a1c</run_address>
         <size>0x44</size>
         <input_file_ref idref="fl-110"/>
      </object_component>
      <object_component id="oc-39e">
         <name>.text:I2C_init</name>
         <load_address>0x2a60</load_address>
         <run_address>0x2a60</run_address>
         <size>0x40</size>
         <input_file_ref idref="fl-1f"/>
      </object_component>
      <object_component id="oc-3aa">
         <name>.text:I2C_open</name>
         <load_address>0x2aa0</load_address>
         <run_address>0x2aa0</run_address>
         <size>0x40</size>
         <input_file_ref idref="fl-1f"/>
      </object_component>
      <object_component id="oc-11e">
         <name>.text:NOROM_ChipInfo_GetHwRevision</name>
         <load_address>0x2ae0</load_address>
         <run_address>0x2ae0</run_address>
         <size>0x40</size>
         <input_file_ref idref="fl-3c"/>
      </object_component>
      <object_component id="oc-509">
         <name>.text:PIN_swi</name>
         <load_address>0x2b20</load_address>
         <run_address>0x2b20</run_address>
         <size>0x40</size>
         <input_file_ref idref="fl-22"/>
      </object_component>
      <object_component id="oc-876">
         <name>.text:NOROM_OSC_HPOSCRelativeFrequencyOffsetGet</name>
         <load_address>0x2b60</load_address>
         <run_address>0x2b60</run_address>
         <size>0x3c</size>
         <input_file_ref idref="fl-41"/>
      </object_component>
      <object_component id="oc-7ee">
         <name>.text:SemaphoreP_post</name>
         <load_address>0x2b9c</load_address>
         <run_address>0x2b9c</run_address>
         <size>0x3c</size>
         <input_file_ref idref="fl-2f"/>
      </object_component>
      <object_component id="oc-485">
         <name>.text:disableLfClkQualifiersEnableClkLoss</name>
         <load_address>0x2bd8</load_address>
         <run_address>0x2bd8</run_address>
         <size>0x3c</size>
         <input_file_ref idref="fl-23"/>
      </object_component>
      <object_component id="oc-8db">
         <name>.text:PIN_setConfig</name>
         <load_address>0x2c14</load_address>
         <run_address>0x2c14</run_address>
         <size>0x38</size>
         <input_file_ref idref="fl-22"/>
      </object_component>
      <object_component id="oc-6b7">
         <name>.text:TimerP_setNextTick</name>
         <load_address>0x2c4c</load_address>
         <run_address>0x2c4c</run_address>
         <size>0x36</size>
         <input_file_ref idref="fl-33"/>
      </object_component>
      <object_component id="oc-906">
         <name>.text:clkFxn</name>
         <load_address>0x2c82</load_address>
         <run_address>0x2c82</run_address>
         <size>0x2</size>
         <input_file_ref idref="fl-2f"/>
      </object_component>
      <object_component id="oc-6c5">
         <name>.text:ClockP_getTicksUntilInterrupt</name>
         <load_address>0x2c84</load_address>
         <run_address>0x2c84</run_address>
         <size>0x34</size>
         <input_file_ref idref="fl-32"/>
      </object_component>
      <object_component id="oc-5df">
         <name>.text:NOROM_IntRegister</name>
         <load_address>0x2cb8</load_address>
         <run_address>0x2cb8</run_address>
         <size>0x34</size>
         <input_file_ref idref="fl-40"/>
      </object_component>
      <object_component id="oc-71d">
         <name>.text:NOROM_OSCHF_SwitchToRcOscTurnOffXosc</name>
         <load_address>0x2cec</load_address>
         <run_address>0x2cec</run_address>
         <size>0x34</size>
         <input_file_ref idref="fl-41"/>
      </object_component>
      <object_component id="oc-596">
         <name>.text:Power_releaseConstraint</name>
         <load_address>0x2d20</load_address>
         <run_address>0x2d20</run_address>
         <size>0x34</size>
         <input_file_ref idref="fl-23"/>
      </object_component>
      <object_component id="oc-792">
         <name>.text:SwiP_destruct</name>
         <load_address>0x2d54</load_address>
         <run_address>0x2d54</run_address>
         <size>0x34</size>
         <input_file_ref idref="fl-30"/>
      </object_component>
      <object_component id="oc-800">
         <name>.text:TimerP_initDevice</name>
         <load_address>0x2d88</load_address>
         <run_address>0x2d88</run_address>
         <size>0x34</size>
         <input_file_ref idref="fl-33"/>
      </object_component>
      <object_component id="oc-583">
         <name>.text:notify</name>
         <load_address>0x2dbc</load_address>
         <run_address>0x2dbc</run_address>
         <size>0x34</size>
         <input_file_ref idref="fl-23"/>
      </object_component>
      <object_component id="oc-4bb">
         <name>.text:NOROM_ChipInfo_GetChipType</name>
         <load_address>0x2df0</load_address>
         <run_address>0x2df0</run_address>
         <size>0x30</size>
         <input_file_ref idref="fl-3c"/>
      </object_component>
      <object_component id="oc-1f4">
         <name>.text:NOROM_SetupSetAonRtcSubSecInc</name>
         <load_address>0x2e20</load_address>
         <run_address>0x2e20</run_address>
         <size>0x30</size>
         <input_file_ref idref="fl-44"/>
      </object_component>
      <object_component id="oc-7ad">
         <name>.text:PINCC26XX_setMux</name>
         <load_address>0x2e50</load_address>
         <run_address>0x2e50</run_address>
         <size>0x30</size>
         <input_file_ref idref="fl-22"/>
      </object_component>
      <object_component id="oc-47f">
         <name>.text:Power_setConstraint</name>
         <load_address>0x2e80</load_address>
         <run_address>0x2e80</run_address>
         <size>0x30</size>
         <input_file_ref idref="fl-23"/>
      </object_component>
      <object_component id="oc-561">
         <name>.text:TimerP_getCurrentTick</name>
         <load_address>0x2eb0</load_address>
         <run_address>0x2eb0</run_address>
         <size>0x30</size>
         <input_file_ref idref="fl-33"/>
      </object_component>
      <object_component id="oc-834">
         <name>.text:TimerP_setThreshold</name>
         <load_address>0x2ee0</load_address>
         <run_address>0x2ee0</run_address>
         <size>0x30</size>
         <input_file_ref idref="fl-33"/>
      </object_component>
      <object_component id="oc-5e5">
         <name>.text:HwiP_dispatch</name>
         <load_address>0x2f10</load_address>
         <run_address>0x2f10</run_address>
         <size>0x2c</size>
         <input_file_ref idref="fl-34"/>
      </object_component>
      <object_component id="oc-192">
         <name>.text:NOROM_DDI32RegWrite</name>
         <load_address>0x2f3c</load_address>
         <run_address>0x2f3c</run_address>
         <size>0x2c</size>
         <input_file_ref idref="fl-47"/>
      </object_component>
      <object_component id="oc-1e8">
         <name>.text:NOROM_OSCClockSourceGet</name>
         <load_address>0x2f68</load_address>
         <run_address>0x2f68</run_address>
         <size>0x2c</size>
         <input_file_ref idref="fl-41"/>
      </object_component>
      <object_component id="oc-1da">
         <name>.text:NOROM_SetupGetTrimForRadcExtCfg</name>
         <load_address>0x2f94</load_address>
         <run_address>0x2f94</run_address>
         <size>0x2c</size>
         <input_file_ref idref="fl-44"/>
      </object_component>
      <object_component id="oc-870">
         <name>.text:NOROM_AONBatMonTemperatureGetDegC</name>
         <load_address>0x2fc0</load_address>
         <run_address>0x2fc0</run_address>
         <size>0x28</size>
         <input_file_ref idref="fl-39"/>
      </object_component>
      <object_component id="oc-7b3">
         <name>.text:Power_registerNotify</name>
         <load_address>0x2fe8</load_address>
         <run_address>0x2fe8</run_address>
         <size>0x28</size>
         <input_file_ref idref="fl-23"/>
      </object_component>
      <object_component id="oc-705">
         <name>.text:SafeHapiVoid</name>
         <load_address>0x3010</load_address>
         <run_address>0x3010</run_address>
         <size>0x28</size>
         <input_file_ref idref="fl-38"/>
      </object_component>
      <object_component id="oc-56d">
         <name>.text:ClockP_getTicks</name>
         <load_address>0x3038</load_address>
         <run_address>0x3038</run_address>
         <size>0x24</size>
         <input_file_ref idref="fl-32"/>
      </object_component>
      <object_component id="oc-567">
         <name>.text:ClockP_scheduleNextTick</name>
         <load_address>0x305c</load_address>
         <run_address>0x305c</run_address>
         <size>0x24</size>
         <input_file_ref idref="fl-32"/>
      </object_component>
      <object_component id="oc-8d4">
         <name>.text:List_remove</name>
         <load_address>0x3080</load_address>
         <run_address>0x3080</run_address>
         <size>0x24</size>
         <input_file_ref idref="fl-1a"/>
      </object_component>
      <object_component id="oc-4df">
         <name>.text:PINCC26XX_setIoCfgMux</name>
         <load_address>0x30a4</load_address>
         <run_address>0x30a4</run_address>
         <size>0x24</size>
         <input_file_ref idref="fl-22"/>
      </object_component>
      <object_component id="oc-66e">
         <name>.text:TimerP_getMaxTicks</name>
         <load_address>0x30c8</load_address>
         <run_address>0x30c8</run_address>
         <size>0x24</size>
         <input_file_ref idref="fl-33"/>
      </object_component>
      <object_component id="oc-e0">
         <name>.text:_c_int00:_c_int00</name>
         <load_address>0x30ec</load_address>
         <run_address>0x30ec</run_address>
         <size>0x24</size>
         <input_file_ref idref="fl-10e"/>
      </object_component>
      <object_component id="oc-8e3">
         <name>.text:List_put</name>
         <load_address>0x3110</load_address>
         <run_address>0x3110</run_address>
         <size>0x22</size>
         <input_file_ref idref="fl-1a"/>
      </object_component>
      <object_component id="oc-49a">
         <name>.text:emptyClockFunc</name>
         <load_address>0x3132</load_address>
         <run_address>0x3132</run_address>
         <size>0x2</size>
         <input_file_ref idref="fl-23"/>
      </object_component>
      <object_component id="oc-8ee">
         <name>.text:ClockP_add</name>
         <load_address>0x3134</load_address>
         <run_address>0x3134</run_address>
         <size>0x20</size>
         <input_file_ref idref="fl-32"/>
      </object_component>
      <object_component id="oc-1c2">
         <name>.text:NOROM_SetupGetTrimForXoscHfCtl</name>
         <load_address>0x3154</load_address>
         <run_address>0x3154</run_address>
         <size>0x20</size>
         <input_file_ref idref="fl-44"/>
      </object_component>
      <object_component id="oc-79e">
         <name>.text:Power_unregisterNotify</name>
         <load_address>0x3174</load_address>
         <run_address>0x3174</run_address>
         <size>0x20</size>
         <input_file_ref idref="fl-23"/>
      </object_component>
      <object_component id="oc-780">
         <name>.text:PIN_close</name>
         <load_address>0x3194</load_address>
         <run_address>0x3194</run_address>
         <size>0x1e</size>
         <input_file_ref idref="fl-22"/>
      </object_component>
      <object_component id="oc-6cb">
         <name>.text:Power_getTransitionLatency</name>
         <load_address>0x31b2</load_address>
         <run_address>0x31b2</run_address>
         <size>0x1e</size>
         <input_file_ref idref="fl-23"/>
      </object_component>
      <object_component id="oc-4d3">
         <name>.text:SemaphoreP_constructBinary</name>
         <load_address>0x31d0</load_address>
         <run_address>0x31d0</run_address>
         <size>0x1e</size>
         <input_file_ref idref="fl-2f"/>
      </object_component>
      <object_component id="oc-3d">
         <name>.text:faultISR</name>
         <load_address>0x31ee</load_address>
         <run_address>0x31ee</run_address>
         <size>0x2</size>
         <input_file_ref idref="fl-36"/>
      </object_component>
      <object_component id="oc-396">
         <name>.text:CC1310_LAUNCHXL_initGeneral</name>
         <load_address>0x31f0</load_address>
         <run_address>0x31f0</run_address>
         <size>0x1c</size>
         <input_file_ref idref="fl-2"/>
      </object_component>
      <object_component id="oc-78c">
         <name>.text:HwiP_destruct</name>
         <load_address>0x320c</load_address>
         <run_address>0x320c</run_address>
         <size>0x1c</size>
         <input_file_ref idref="fl-34"/>
      </object_component>
      <object_component id="oc-118">
         <name>.text:NOROM_ChipInfo_GetChipFamily</name>
         <load_address>0x3228</load_address>
         <run_address>0x3228</run_address>
         <size>0x1c</size>
         <input_file_ref idref="fl-3c"/>
      </object_component>
      <object_component id="oc-1a4">
         <name>.text:NOROM_SetupGetTrimForAmpcompTh2</name>
         <load_address>0x3244</load_address>
         <run_address>0x3244</run_address>
         <size>0x1c</size>
         <input_file_ref idref="fl-44"/>
      </object_component>
      <object_component id="oc-198">
         <name>.text:NOROM_SetupGetTrimForRcOscLfRtuneCtuneTrim</name>
         <load_address>0x3260</load_address>
         <run_address>0x3260</run_address>
         <size>0x1c</size>
         <input_file_ref idref="fl-44"/>
      </object_component>
      <object_component id="oc-503">
         <name>.text:PIN_hwi</name>
         <load_address>0x327c</load_address>
         <run_address>0x327c</run_address>
         <size>0x1c</size>
         <input_file_ref idref="fl-22"/>
      </object_component>
      <object_component id="oc-556">
         <name>.text:QueueP_put</name>
         <load_address>0x3298</load_address>
         <run_address>0x3298</run_address>
         <size>0x1c</size>
         <input_file_ref idref="fl-37"/>
      </object_component>
      <object_component id="oc-84a">
         <name>.text:SwiP_disable</name>
         <load_address>0x32b4</load_address>
         <run_address>0x32b4</run_address>
         <size>0x1c</size>
         <input_file_ref idref="fl-30"/>
      </object_component>
      <object_component id="oc-60f">
         <name>.text:SwiP_or</name>
         <load_address>0x32d0</load_address>
         <run_address>0x32d0</run_address>
         <size>0x1c</size>
         <input_file_ref idref="fl-30"/>
      </object_component>
      <object_component id="oc-80c">
         <name>.text:TimerP_dynamicStub</name>
         <load_address>0x32ec</load_address>
         <run_address>0x32ec</run_address>
         <size>0x1c</size>
         <input_file_ref idref="fl-33"/>
      </object_component>
      <object_component id="oc-63">
         <name>.text:decompress:ZI:__TI_zero_init_nomemset:__TI_zero_init_nomemset</name>
         <load_address>0x3308</load_address>
         <run_address>0x3308</run_address>
         <size>0x1c</size>
         <input_file_ref idref="fl-108"/>
      </object_component>
      <object_component id="oc-89f">
         <name>.text:QueueP_get</name>
         <load_address>0x3324</load_address>
         <run_address>0x3324</run_address>
         <size>0x1a</size>
         <input_file_ref idref="fl-37"/>
      </object_component>
      <object_component id="oc-900">
         <name>.text:ClockP_destruct</name>
         <load_address>0x333e</load_address>
         <run_address>0x333e</run_address>
         <size>0x18</size>
         <input_file_ref idref="fl-32"/>
      </object_component>
      <object_component id="oc-43">
         <name>.text:intDefaultHandler</name>
         <load_address>0x3356</load_address>
         <run_address>0x3356</run_address>
         <size>0x2</size>
         <input_file_ref idref="fl-36"/>
      </object_component>
      <object_component id="oc-910">
         <name>.text:HwiP_inISR</name>
         <load_address>0x3358</load_address>
         <run_address>0x3358</run_address>
         <size>0x18</size>
         <input_file_ref idref="fl-34"/>
      </object_component>
      <object_component id="oc-70b">
         <name>.text:NOROM_AONRTCCurrentCompareValueGet</name>
         <load_address>0x3370</load_address>
         <run_address>0x3370</run_address>
         <size>0x18</size>
         <input_file_ref idref="fl-3a"/>
      </object_component>
      <object_component id="oc-4c1">
         <name>.text:NOROM_ChipInfo_GetPackageType</name>
         <load_address>0x3388</load_address>
         <run_address>0x3388</run_address>
         <size>0x18</size>
         <input_file_ref idref="fl-3c"/>
      </object_component>
      <object_component id="oc-717">
         <name>.text:NOROM_OSCHF_TurnOnXosc</name>
         <load_address>0x33a0</load_address>
         <run_address>0x33a0</run_address>
         <size>0x18</size>
         <input_file_ref idref="fl-41"/>
      </object_component>
      <object_component id="oc-1b6">
         <name>.text:NOROM_SetupGetTrimForAdcShModeEn</name>
         <load_address>0x33b8</load_address>
         <run_address>0x33b8</run_address>
         <size>0x18</size>
         <input_file_ref idref="fl-44"/>
      </object_component>
      <object_component id="oc-1bc">
         <name>.text:NOROM_SetupGetTrimForAdcShVbufEn</name>
         <load_address>0x33d0</load_address>
         <run_address>0x33d0</run_address>
         <size>0x18</size>
         <input_file_ref idref="fl-44"/>
      </object_component>
      <object_component id="oc-1aa">
         <name>.text:NOROM_SetupGetTrimForAmpcompTh1</name>
         <load_address>0x33e8</load_address>
         <run_address>0x33e8</run_address>
         <size>0x18</size>
         <input_file_ref idref="fl-44"/>
      </object_component>
      <object_component id="oc-1c8">
         <name>.text:NOROM_SetupGetTrimForDblrLoopFilterResetVoltage</name>
         <load_address>0x3400</load_address>
         <run_address>0x3400</run_address>
         <size>0x18</size>
         <input_file_ref idref="fl-44"/>
      </object_component>
      <object_component id="oc-1ce">
         <name>.text:NOROM_SetupGetTrimForRcOscLfIBiasTrim</name>
         <load_address>0x3418</load_address>
         <run_address>0x3418</run_address>
         <size>0x18</size>
         <input_file_ref idref="fl-44"/>
      </object_component>
      <object_component id="oc-1d4">
         <name>.text:NOROM_SetupGetTrimForXoscLfRegulatorAndCmirrwrRatio</name>
         <load_address>0x3430</load_address>
         <run_address>0x3430</run_address>
         <size>0x18</size>
         <input_file_ref idref="fl-44"/>
      </object_component>
      <object_component id="oc-893">
         <name>.text:Power_idleFunc</name>
         <load_address>0x3448</load_address>
         <run_address>0x3448</run_address>
         <size>0x18</size>
         <input_file_ref idref="fl-23"/>
      </object_component>
      <object_component id="oc-14a">
         <name>.text:_args_main</name>
         <load_address>0x3460</load_address>
         <run_address>0x3460</run_address>
         <size>0x18</size>
         <input_file_ref idref="fl-115"/>
      </object_component>
      <object_component id="oc-6af">
         <name>.text</name>
         <load_address>0x3478</load_address>
         <run_address>0x3478</run_address>
         <size>0x18</size>
         <input_file_ref idref="fl-103"/>
      </object_component>
      <object_component id="oc-bb">
         <name>.text:NOROM_ThisLibraryIsFor_CC13x0_HwRev20AndLater_HaltIfViolated</name>
         <load_address>0x3490</load_address>
         <run_address>0x3490</run_address>
         <size>0x16</size>
         <input_file_ref idref="fl-3c"/>
      </object_component>
      <object_component id="oc-37">
         <name>.text:nmiISR</name>
         <load_address>0x34a6</load_address>
         <run_address>0x34a6</run_address>
         <size>0x2</size>
         <input_file_ref idref="fl-36"/>
      </object_component>
      <object_component id="oc-81f">
         <name>.text:NOROM_AONRTCCurrent64BitValueGet</name>
         <load_address>0x34a8</load_address>
         <run_address>0x34a8</run_address>
         <size>0x14</size>
         <input_file_ref idref="fl-3a"/>
      </object_component>
      <object_component id="oc-8c5">
         <name>.text:NOROM_IntUnregister</name>
         <load_address>0x34bc</load_address>
         <run_address>0x34bc</run_address>
         <size>0x14</size>
         <input_file_ref idref="fl-40"/>
      </object_component>
      <object_component id="oc-916">
         <name>.text:Power_disablePolicy</name>
         <load_address>0x34d0</load_address>
         <run_address>0x34d0</run_address>
         <size>0x14</size>
         <input_file_ref idref="fl-23"/>
      </object_component>
      <object_component id="oc-604">
         <name>.text:SwiP_handleHwi</name>
         <load_address>0x34e4</load_address>
         <run_address>0x34e4</run_address>
         <size>0x14</size>
         <input_file_ref idref="fl-30"/>
      </object_component>
      <object_component id="oc-806">
         <name>.text:TimerP_startup</name>
         <load_address>0x34f8</load_address>
         <run_address>0x34f8</run_address>
         <size>0x14</size>
         <input_file_ref idref="fl-33"/>
      </object_component>
      <object_component id="oc-5ab">
         <name>.text:configureRFCoreClocks</name>
         <load_address>0x350c</load_address>
         <run_address>0x350c</run_address>
         <size>0x14</size>
         <input_file_ref idref="fl-23"/>
      </object_component>
      <object_component id="oc-28">
         <name>.text:resetISR</name>
         <load_address>0x3520</load_address>
         <run_address>0x3520</run_address>
         <size>0x14</size>
         <input_file_ref idref="fl-36"/>
      </object_component>
      <object_component id="oc-4e5">
         <name>.text:HwiP_Params_init</name>
         <load_address>0x3534</load_address>
         <run_address>0x3534</run_address>
         <size>0x12</size>
         <input_file_ref idref="fl-34"/>
      </object_component>
      <object_component id="oc-140">
         <name>.text:main</name>
         <load_address>0x3546</load_address>
         <run_address>0x3546</run_address>
         <size>0x12</size>
         <input_file_ref idref="fl-5"/>
      </object_component>
      <object_component id="oc-473">
         <name>.text:ClockP_Params_init</name>
         <load_address>0x3558</load_address>
         <run_address>0x3558</run_address>
         <size>0x10</size>
         <input_file_ref idref="fl-32"/>
      </object_component>
      <object_component id="oc-8b3">
         <name>.text:ClockP_getCpuFreq</name>
         <load_address>0x3568</load_address>
         <run_address>0x3568</run_address>
         <size>0x10</size>
         <input_file_ref idref="fl-32"/>
      </object_component>
      <object_component id="oc-423">
         <name>.text:HwiP_disable</name>
         <load_address>0x3578</load_address>
         <run_address>0x3578</run_address>
         <size>0x10</size>
         <input_file_ref idref="fl-34"/>
      </object_component>
      <object_component id="oc-7dc">
         <name>.text:HwiP_disableInterrupt</name>
         <load_address>0x3588</load_address>
         <run_address>0x3588</run_address>
         <size>0x10</size>
         <input_file_ref idref="fl-34"/>
      </object_component>
      <object_component id="oc-7e8">
         <name>.text:HwiP_enableInterrupt</name>
         <load_address>0x3598</load_address>
         <run_address>0x3598</run_address>
         <size>0x10</size>
         <input_file_ref idref="fl-34"/>
      </object_component>
      <object_component id="oc-8ac">
         <name>.text:HwiP_post</name>
         <load_address>0x35a8</load_address>
         <run_address>0x35a8</run_address>
         <size>0x10</size>
         <input_file_ref idref="fl-34"/>
      </object_component>
      <object_component id="oc-3a4">
         <name>.text:I2C_Params_init</name>
         <load_address>0x35b8</load_address>
         <run_address>0x35b8</run_address>
         <size>0x10</size>
         <input_file_ref idref="fl-1f"/>
      </object_component>
      <object_component id="oc-1e2">
         <name>.text:NOROM_SetupGetTrimForXoscHfFastStart</name>
         <load_address>0x35c8</load_address>
         <run_address>0x35c8</run_address>
         <size>0x10</size>
         <input_file_ref idref="fl-44"/>
      </object_component>
      <object_component id="oc-19e">
         <name>.text:NOROM_SetupGetTrimForXoscHfIbiastherm</name>
         <load_address>0x35d8</load_address>
         <run_address>0x35d8</run_address>
         <size>0x10</size>
         <input_file_ref idref="fl-44"/>
      </object_component>
      <object_component id="oc-4c7">
         <name>.text:PINCC26XX_getPinCount</name>
         <load_address>0x35e8</load_address>
         <run_address>0x35e8</run_address>
         <size>0x10</size>
         <input_file_ref idref="fl-22"/>
      </object_component>
      <object_component id="oc-83e">
         <name>.text:PowerCC26XX_schedulerDisable</name>
         <load_address>0x35f8</load_address>
         <run_address>0x35f8</run_address>
         <size>0x10</size>
         <input_file_ref idref="fl-35"/>
      </object_component>
      <object_component id="oc-8f4">
         <name>.text:Power_enablePolicy</name>
         <load_address>0x3608</load_address>
         <run_address>0x3608</run_address>
         <size>0x10</size>
         <input_file_ref idref="fl-23"/>
      </object_component>
      <object_component id="oc-5cd">
         <name>.text:SemaphoreP_Params_init</name>
         <load_address>0x3618</load_address>
         <run_address>0x3618</run_address>
         <size>0x10</size>
         <input_file_ref idref="fl-2f"/>
      </object_component>
      <object_component id="oc-4f1">
         <name>.text:SwiP_Params_init</name>
         <load_address>0x3628</load_address>
         <run_address>0x3628</run_address>
         <size>0x10</size>
         <input_file_ref idref="fl-30"/>
      </object_component>
      <object_component id="oc-662">
         <name>.text:TimerP_Params_init</name>
         <load_address>0x3638</load_address>
         <run_address>0x3638</run_address>
         <size>0x10</size>
         <input_file_ref idref="fl-33"/>
      </object_component>
      <object_component id="oc-7cb">
         <name>.text:i2cPostNotify</name>
         <load_address>0x3648</load_address>
         <run_address>0x3648</run_address>
         <size>0x10</size>
         <input_file_ref idref="fl-20"/>
      </object_component>
      <object_component id="oc-6dd">
         <name>.text:NOROM_VIMSModeGet</name>
         <load_address>0x3658</load_address>
         <run_address>0x3658</run_address>
         <size>0xe</size>
         <input_file_ref idref="fl-46"/>
      </object_component>
      <object_component id="oc-8a5">
         <name>.text:QueueP_empty</name>
         <load_address>0x3666</load_address>
         <run_address>0x3666</run_address>
         <size>0xe</size>
         <input_file_ref idref="fl-37"/>
      </object_component>
      <object_component id="oc-8cc">
         <name>.text:QueueP_remove</name>
         <load_address>0x3674</load_address>
         <run_address>0x3674</run_address>
         <size>0xe</size>
         <input_file_ref idref="fl-37"/>
      </object_component>
      <object_component id="oc-21">
         <name>.text:decompress:none:__TI_decompress_none</name>
         <load_address>0x3682</load_address>
         <run_address>0x3682</run_address>
         <size>0xe</size>
         <input_file_ref idref="fl-109"/>
      </object_component>
      <object_component id="oc-680">
         <name>.text:ClockP_doTick</name>
         <load_address>0x3690</load_address>
         <run_address>0x3690</run_address>
         <size>0xc</size>
         <input_file_ref idref="fl-32"/>
      </object_component>
      <object_component id="oc-6f">
         <name>.text:NOROM_CPUcpsid</name>
         <load_address>0x369c</load_address>
         <run_address>0x369c</run_address>
         <size>0xc</size>
         <input_file_ref idref="fl-3d"/>
      </object_component>
      <object_component id="oc-37a">
         <name>.text:NOROM_CPUcpsie</name>
         <load_address>0x36a8</load_address>
         <run_address>0x36a8</run_address>
         <size>0xc</size>
         <input_file_ref idref="fl-3d"/>
      </object_component>
      <object_component id="oc-87c">
         <name>.text:NOROM_OSC_HPOSCRelativeFrequencyOffsetToRFCoreFormatConvert</name>
         <load_address>0x36b4</load_address>
         <run_address>0x36b4</run_address>
         <size>0xc</size>
         <input_file_ref idref="fl-41"/>
      </object_component>
      <object_component id="oc-844">
         <name>.text:PowerCC26XX_schedulerRestore</name>
         <load_address>0x36c0</load_address>
         <run_address>0x36c0</run_address>
         <size>0xc</size>
         <input_file_ref idref="fl-35"/>
      </object_component>
      <object_component id="oc-589">
         <name>.text:Power_getConstraintMask</name>
         <load_address>0x36cc</load_address>
         <run_address>0x36cc</run_address>
         <size>0xc</size>
         <input_file_ref idref="fl-23"/>
      </object_component>
      <object_component id="oc-850">
         <name>.text:Power_getDependencyCount</name>
         <load_address>0x36d8</load_address>
         <run_address>0x36d8</run_address>
         <size>0xc</size>
         <input_file_ref idref="fl-23"/>
      </object_component>
      <object_component id="oc-616">
         <name>.text:SwiP_getTrigger</name>
         <load_address>0x36e4</load_address>
         <run_address>0x36e4</run_address>
         <size>0xc</size>
         <input_file_ref idref="fl-30"/>
      </object_component>
      <object_component id="oc-674">
         <name>.text:TimerP_getFreq</name>
         <load_address>0x36f0</load_address>
         <run_address>0x36f0</run_address>
         <size>0xc</size>
         <input_file_ref idref="fl-33"/>
      </object_component>
      <object_component id="oc-644">
         <name>.text:I2CCC26XX_init</name>
         <load_address>0x36fc</load_address>
         <run_address>0x36fc</run_address>
         <size>0xa</size>
         <input_file_ref idref="fl-20"/>
      </object_component>
      <object_component id="oc-3b6">
         <name>.text:I2C_close</name>
         <load_address>0x3706</load_address>
         <run_address>0x3706</run_address>
         <size>0xa</size>
         <input_file_ref idref="fl-1f"/>
      </object_component>
      <object_component id="oc-3b0">
         <name>.text:I2C_transfer</name>
         <load_address>0x3710</load_address>
         <run_address>0x3710</run_address>
         <size>0xa</size>
         <input_file_ref idref="fl-1f"/>
      </object_component>
      <object_component id="oc-203">
         <name>.text:Board_init</name>
         <load_address>0x371a</load_address>
         <run_address>0x371a</run_address>
         <size>0x8</size>
         <input_file_ref idref="fl-2"/>
      </object_component>
      <object_component id="oc-429">
         <name>.text:HwiP_restore</name>
         <load_address>0x3722</load_address>
         <run_address>0x3722</run_address>
         <size>0x8</size>
         <input_file_ref idref="fl-34"/>
      </object_component>
      <object_component id="oc-7c5">
         <name>.text:I2CCC26XX_blockingCallback</name>
         <load_address>0x372a</load_address>
         <run_address>0x372a</run_address>
         <size>0x8</size>
         <input_file_ref idref="fl-20"/>
      </object_component>
      <object_component id="oc-6d7">
         <name>.text:ClockP_stop</name>
         <load_address>0x3732</load_address>
         <run_address>0x3732</run_address>
         <size>0x6</size>
         <input_file_ref idref="fl-32"/>
      </object_component>
      <object_component id="oc-63e">
         <name>.text:I2CCC26XX_control</name>
         <load_address>0x3738</load_address>
         <run_address>0x3738</run_address>
         <size>0x6</size>
         <input_file_ref idref="fl-20"/>
      </object_component>
      <object_component id="oc-778">
         <name>.text:NOROM_CPUdelay</name>
         <load_address>0x373e</load_address>
         <run_address>0x373e</run_address>
         <size>0x6</size>
         <input_file_ref idref="fl-3d"/>
      </object_component>
      <object_component id="oc-5f5">
         <name>.text:QueueP_init</name>
         <load_address>0x3744</load_address>
         <run_address>0x3744</run_address>
         <size>0x6</size>
         <input_file_ref idref="fl-37"/>
      </object_component>
      <object_component id="oc-6e3">
         <name>.text:CPUwfi</name>
         <load_address>0x374a</load_address>
         <run_address>0x374a</run_address>
         <size>0x4</size>
         <input_file_ref idref="fl-35"/>
      </object_component>
      <object_component id="oc-8fa">
         <name>.text:ClockP_isActive</name>
         <load_address>0x374e</load_address>
         <run_address>0x374e</run_address>
         <size>0x4</size>
         <input_file_ref idref="fl-32"/>
      </object_component>
      <object_component id="oc-48b">
         <name>.text:ClockP_setTimeout</name>
         <load_address>0x3752</load_address>
         <run_address>0x3752</run_address>
         <size>0x4</size>
         <input_file_ref idref="fl-32"/>
      </object_component>
      <object_component id="oc-209">
         <name>.text:HwiP_enable</name>
         <load_address>0x3756</load_address>
         <run_address>0x3756</run_address>
         <size>0x4</size>
         <input_file_ref idref="fl-34"/>
      </object_component>
      <object_component id="oc-928">
         <name>.text:QueueP_head</name>
         <load_address>0x375a</load_address>
         <run_address>0x375a</run_address>
         <size>0x4</size>
         <input_file_ref idref="fl-37"/>
      </object_component>
      <object_component id="oc-92e">
         <name>.text:QueueP_next</name>
         <load_address>0x375e</load_address>
         <run_address>0x375e</run_address>
         <size>0x4</size>
         <input_file_ref idref="fl-37"/>
      </object_component>
      <object_component id="oc-6a4">
         <name>.text:TimerP_getCount64</name>
         <load_address>0x3762</load_address>
         <run_address>0x3762</run_address>
         <size>0x4</size>
         <input_file_ref idref="fl-33"/>
      </object_component>
      <object_component id="oc-13a">
         <name>.text:_system_pre_init</name>
         <load_address>0x3766</load_address>
         <run_address>0x3766</run_address>
         <size>0x4</size>
         <input_file_ref idref="fl-111"/>
      </object_component>
      <object_component id="oc-216">
         <name>.text:abort:abort</name>
         <load_address>0x376a</load_address>
         <run_address>0x376a</run_address>
         <size>0x4</size>
         <input_file_ref idref="fl-113"/>
      </object_component>
      <object_component id="oc-5b7">
         <name>.text:nopResourceHandler</name>
         <load_address>0x376e</load_address>
         <run_address>0x376e</run_address>
         <size>0x4</size>
         <input_file_ref idref="fl-23"/>
      </object_component>
      <object_component id="oc-826">
         <name>.text</name>
         <load_address>0x3772</load_address>
         <run_address>0x3772</run_address>
         <size>0x2</size>
         <input_file_ref idref="fl-10f"/>
      </object_component>
      <object_component id="oc-5c9">
         <name>.const:resourceDB</name>
         <load_address>0x3774</load_address>
         <run_address>0x3774</run_address>
         <size>0x4c</size>
         <input_file_ref idref="fl-23"/>
      </object_component>
      <object_component id="oc-52c">
         <name>.const:I2CCC26XX_fxnTable</name>
         <load_address>0x37c0</load_address>
         <run_address>0x37c0</run_address>
         <size>0x18</size>
         <input_file_ref idref="fl-20"/>
      </object_component>
      <object_component id="oc-497">
         <name>.const:PowerCC26XX_config</name>
         <load_address>0x37d8</load_address>
         <run_address>0x37d8</run_address>
         <size>0x18</size>
         <input_file_ref idref="fl-2"/>
      </object_component>
      <object_component id="oc-530">
         <name>.const:i2cCC26xxHWAttrs</name>
         <load_address>0x37f0</load_address>
         <run_address>0x37f0</run_address>
         <size>0x18</size>
         <input_file_ref idref="fl-2"/>
      </object_component>
      <object_component id="oc-432">
         <name>.const</name>
         <load_address>0x3808</load_address>
         <run_address>0x3808</run_address>
         <size>0x12</size>
         <input_file_ref idref="fl-2"/>
      </object_component>
      <object_component id="oc-439">
         <name>.const:I2C_defaultParams</name>
         <load_address>0x381c</load_address>
         <run_address>0x381c</run_address>
         <size>0x10</size>
         <input_file_ref idref="fl-1f"/>
      </object_component>
      <object_component id="oc-5ef">
         <name>.const:SwiP_defaultParams</name>
         <load_address>0x382c</load_address>
         <run_address>0x382c</run_address>
         <size>0x10</size>
         <input_file_ref idref="fl-30"/>
      </object_component>
      <object_component id="oc-435">
         <name>.const:I2C_config</name>
         <load_address>0x383c</load_address>
         <run_address>0x383c</run_address>
         <size>0xc</size>
         <input_file_ref idref="fl-2"/>
      </object_component>
      <object_component id="oc-500">
         <name>.const:PINCC26XX_hwAttrs</name>
         <load_address>0x3848</load_address>
         <run_address>0x3848</run_address>
         <size>0x8</size>
         <input_file_ref idref="fl-2"/>
      </object_component>
      <object_component id="oc-8b9">
         <name>.const:bitRate</name>
         <load_address>0x3850</load_address>
         <run_address>0x3850</run_address>
         <size>0x8</size>
         <input_file_ref idref="fl-20"/>
      </object_component>
      <object_component id="oc-41f">
         <name>.const:BoardGpioInitTable</name>
         <load_address>0x3858</load_address>
         <run_address>0x3858</run_address>
         <size>0x4</size>
         <input_file_ref idref="fl-2"/>
      </object_component>
      <object_component id="oc-9b3">
         <name>.cinit..data.load</name>
         <load_address>0x3868</load_address>
         <run_address>0x3868</run_address>
         <size>0x31</size>
      </object_component>
      <object_component id="oc-9b0">
         <name>__TI_handler_table</name>
         <load_address>0x389c</load_address>
         <run_address>0x389c</run_address>
         <size>0xc</size>
      </object_component>
      <object_component id="oc-9b4">
         <name>.cinit..bss.load</name>
         <load_address>0x38a8</load_address>
         <run_address>0x38a8</run_address>
         <size>0x8</size>
      </object_component>
      <object_component id="oc-9b2">
         <name>.cinit..vtable_ram.load</name>
         <load_address>0x38b0</load_address>
         <run_address>0x38b0</run_address>
         <size>0x8</size>
      </object_component>
      <object_component id="oc-9b1">
         <name>__TI_cinit_table</name>
         <load_address>0x38b8</load_address>
         <run_address>0x38b8</run_address>
         <size>0x18</size>
      </object_component>
      <object_component id="oc-2e">
         <name>.ccfg:retain</name>
         <load_address>0x7fa8</load_address>
         <run_address>0x7fa8</run_address>
         <size>0x58</size>
         <input_file_ref idref="fl-4"/>
      </object_component>
      <object_component id="oc-744">
         <name>.vtable_ram</name>
         <uninitialized>true</uninitialized>
         <run_address>0x20000700</run_address>
         <size>0xc8</size>
         <input_file_ref idref="fl-40"/>
      </object_component>
      <object_component id="oc-42f">
         <name>.data</name>
         <load_address>0x200003f4</load_address>
         <run_address>0x200003f4</run_address>
         <size>0x1</size>
         <input_file_ref idref="fl-1f"/>
      </object_component>
      <object_component id="oc-4fd">
         <name>.data:$O1$$</name>
         <load_address>0x20000000</load_address>
         <run_address>0x20000000</run_address>
         <size>0x114</size>
         <input_file_ref idref="fl-22"/>
      </object_component>
      <object_component id="oc-4b2">
         <name>.data:PowerCC26XX_module</name>
         <load_address>0x20000114</load_address>
         <run_address>0x20000114</run_address>
         <size>0x114</size>
         <input_file_ref idref="fl-23"/>
      </object_component>
      <object_component id="oc-738">
         <name>.data:$O1$$</name>
         <load_address>0x200003e8</load_address>
         <run_address>0x200003e8</run_address>
         <size>0xc</size>
         <input_file_ref idref="fl-2f"/>
      </object_component>
      <object_component id="oc-5fb">
         <name>.data</name>
         <load_address>0x200003f5</load_address>
         <run_address>0x200003f5</run_address>
         <size>0x1</size>
         <input_file_ref idref="fl-30"/>
      </object_component>
      <object_component id="oc-4af">
         <name>.data:$O1$$</name>
         <load_address>0x200002f8</load_address>
         <run_address>0x200002f8</run_address>
         <size>0xc0</size>
         <input_file_ref idref="fl-32"/>
      </object_component>
      <object_component id="oc-7fc">
         <name>.data:$O1$$</name>
         <load_address>0x200003b8</load_address>
         <run_address>0x200003b8</run_address>
         <size>0x30</size>
         <input_file_ref idref="fl-33"/>
      </object_component>
      <object_component id="oc-5eb">
         <name>.data:$O1$$</name>
         <load_address>0x20000228</load_address>
         <run_address>0x20000228</run_address>
         <size>0xd0</size>
         <input_file_ref idref="fl-34"/>
      </object_component>
      <object_component id="oc-601">
         <name>.bss</name>
         <uninitialized>true</uninitialized>
         <run_address>0x20000528</run_address>
         <size>0xd</size>
         <input_file_ref idref="fl-30"/>
      </object_component>
      <object_component id="oc-5fe">
[...]
         <name>ClockP_stop</name>
         <value>0x3733</value>
         <object_component_ref idref="oc-6d7"/>
      </symbol>
      <symbol id="sm-8ce">
         <name>ClockP_construct</name>
         <value>0x2991</value>
         <object_component_ref idref="oc-479"/>
      </symbol>
      <symbol id="sm-8cf">
         <name>ClockP_scheduleNextTick</name>
         <value>0x305d</value>
         <object_component_ref idref="oc-567"/>
      </symbol>
      <symbol id="sm-8d0">
         <name>ClockP_getTicksUntilInterrupt</name>
         <value>0x2c85</value>
         <object_component_ref idref="oc-6c5"/>
      </symbol>
      <symbol id="sm-8d1">
         <name>ClockP_tickPeriod</name>
         <value>0x200002fc</value>
         <object_component_ref idref="oc-4af"/>
      </symbol>
      <symbol id="sm-8d2">
         <name>ClockP_Params_init</name>
         <value>0x3559</value>
         <object_component_ref idref="oc-473"/>
      </symbol>
      <symbol id="sm-8d3">
         <name>ClockP_workFuncDynamic</name>
         <value>0x18b5</value>
         <object_component_ref idref="oc-67a"/>
      </symbol>
      <symbol id="sm-8d4">
         <name>ClockP_walkQueueDynamic</name>
         <value>0x2109</value>
         <object_component_ref idref="oc-815"/>
      </symbol>
      <symbol id="sm-8d5">
         <name>ClockP_destruct</name>
         <value>0x333f</value>
         <object_component_ref idref="oc-900"/>
      </symbol>
      <symbol id="sm-8d6">
         <name>ClockP_start</name>
         <value>0x2011</value>
         <object_component_ref idref="oc-491"/>
      </symbol>
      <symbol id="sm-8d7">
         <name>ClockP_isActive</name>
         <value>0x374f</value>
         <object_component_ref idref="oc-8fa"/>
      </symbol>
      <symbol id="sm-8d8">
         <name>ClockP_getCpuFreq</name>
         <value>0x3569</value>
         <object_component_ref idref="oc-8b3"/>
      </symbol>
      <symbol id="sm-8d9">
         <name>ClockP_getTicks</name>
         <value>0x3039</value>
         <object_component_ref idref="oc-56d"/>
      </symbol>
      <symbol id="sm-8da">
         <name>ClockP_add</name>
         <value>0x3135</value>
         <object_component_ref idref="oc-8ee"/>
      </symbol>
      <symbol id="sm-96f">
         <name>TimerP_setNextTick</name>
         <value>0x2c4d</value>
         <object_component_ref idref="oc-6b7"/>
      </symbol>
      <symbol id="sm-970">
         <name>TimerP_getCurrentTick</name>
         <value>0x2eb1</value>
         <object_component_ref idref="oc-561"/>
      </symbol>
      <symbol id="sm-971">
         <name>TimerP_getCount64</name>
         <value>0x3763</value>
         <object_component_ref idref="oc-6a4"/>
      </symbol>
      <symbol id="sm-972">
         <name>TimerP_setThreshold</name>
         <value>0x2ee1</value>
         <object_component_ref idref="oc-834"/>
      </symbol>
      <symbol id="sm-973">
         <name>TimerP_dynamicStub</name>
         <value>0x32ed</value>
         <object_component_ref idref="oc-80c"/>
      </symbol>
      <symbol id="sm-974">
         <name>TimerP_getMaxTicks</name>
         <value>0x30c9</value>
         <object_component_ref idref="oc-66e"/>
      </symbol>
      <symbol id="sm-975">
         <name>TimerP_construct</name>
         <value>0x1805</value>
         <object_component_ref idref="oc-668"/>
      </symbol>
      <symbol id="sm-976">
         <name>TimerP_getFreq</name>
         <value>0x36f1</value>
         <object_component_ref idref="oc-674"/>
      </symbol>
      <symbol id="sm-977">
         <name>TimerP_initDevice</name>
         <value>0x2d89</value>
         <object_component_ref idref="oc-800"/>
      </symbol>
      <symbol id="sm-978">
         <name>TimerP_startup</name>
         <value>0x34f9</value>
         <object_component_ref idref="oc-806"/>
      </symbol>
      <symbol id="sm-979">
         <name>TimerP_start</name>
         <value>0x21f1</value>
         <object_component_ref idref="oc-920"/>
      </symbol>
      <symbol id="sm-97a">
         <name>TimerP_Params_init</name>
         <value>0x3639</value>
         <object_component_ref idref="oc-662"/>
      </symbol>
      <symbol id="sm-9ff">
         <name>HwiP_construct</name>
         <value>0x2091</value>
         <object_component_ref idref="oc-4eb"/>
      </symbol>
      <symbol id="sm-a00">
         <name>HwiP_inISR</name>
         <value>0x3359</value>
         <object_component_ref idref="oc-910"/>
      </symbol>
      <symbol id="sm-a01">
         <name>HwiP_destruct</name>
         <value>0x320d</value>
         <object_component_ref idref="oc-78c"/>
      </symbol>
      <symbol id="sm-a02">
         <name>HwiP_swiPIntNum</name>
         <value>0x2000022c</value>
         <object_component_ref idref="oc-5eb"/>
      </symbol>
      <symbol id="sm-a03">
         <name>HwiP_Params_init</name>
         <value>0x3535</value>
         <object_component_ref idref="oc-4e5"/>
      </symbol>
      <symbol id="sm-a04">
         <name>HwiP_disable</name>
         <value>0x3579</value>
         <object_component_ref idref="oc-423"/>
      </symbol>
      <symbol id="sm-a05">
         <name>HwiP_enableInterrupt</name>
         <value>0x3599</value>
         <object_component_ref idref="oc-7e8"/>
      </symbol>
      <symbol id="sm-a06">
         <name>HwiP_post</name>
         <value>0x35a9</value>
         <object_component_ref idref="oc-8ac"/>
      </symbol>
      <symbol id="sm-a07">
         <name>HwiP_enable</name>
         <value>0x3757</value>
         <object_component_ref idref="oc-209"/>
      </symbol>
      <symbol id="sm-a08">
         <name>HwiP_restore</name>
         <value>0x3723</value>
         <object_component_ref idref="oc-429"/>
      </symbol>
      <symbol id="sm-a09">
         <name>HwiP_disableInterrupt</name>
         <value>0x3589</value>
         <object_component_ref idref="oc-7dc"/>
      </symbol>
      <symbol id="sm-a44">
         <name>PowerCC26XX_schedulerDisable</name>
         <value>0x35f9</value>
         <object_component_ref idref="oc-83e"/>
      </symbol>
      <symbol id="sm-a45">
         <name>PowerCC26XX_schedulerRestore</name>
         <value>0x36c1</value>
         <object_component_ref idref="oc-844"/>
      </symbol>
      <symbol id="sm-a46">
         <name>PowerCC26XX_standbyPolicy</name>
         <value>0x122d</value>
         <object_component_ref idref="oc-574"/>
      </symbol>
      <symbol id="sm-a77">
         <name>resetISR</name>
         <value>0x3521</value>
         <object_component_ref idref="oc-28"/>
      </symbol>
      <symbol id="sm-a78">
         <name>g_pfnVectors</name>
         <value>0x0</value>
         <object_component_ref idref="oc-18"/>
      </symbol>
      <symbol id="sm-ab5">
         <name>QueueP_next</name>
         <value>0x375f</value>
         <object_component_ref idref="oc-92e"/>
      </symbol>
      <symbol id="sm-ab6">
         <name>QueueP_put</name>
         <value>0x3299</value>
         <object_component_ref idref="oc-556"/>
      </symbol>
      <symbol id="sm-ab7">
         <name>QueueP_remove</name>
         <value>0x3675</value>
         <object_component_ref idref="oc-8cc"/>
      </symbol>
      <symbol id="sm-ab8">
         <name>QueueP_head</name>
         <value>0x375b</value>
         <object_component_ref idref="oc-928"/>
      </symbol>
      <symbol id="sm-ab9">
         <name>QueueP_init</name>
         <value>0x3745</value>
         <object_component_ref idref="oc-5f5"/>
      </symbol>
      <symbol id="sm-aba">
         <name>QueueP_empty</name>
         <value>0x3667</value>
         <object_component_ref idref="oc-8a5"/>
      </symbol>
      <symbol id="sm-abb">
         <name>QueueP_get</name>
         <value>0x3325</value>
         <object_component_ref idref="oc-89f"/>
      </symbol>
      <symbol id="sm-adc">
         <name>SafeHapiVoid</name>
         <value>0x3011</value>
         <object_component_ref idref="oc-705"/>
      </symbol>
      <symbol id="sm-ae9">
         <name>NOROM_AONBatMonTemperatureGetDegC</name>
         <value>0x2fc1</value>
         <object_component_ref idref="oc-870"/>
      </symbol>
      <symbol id="sm-b08">
         <name>NOROM_AONRTCCurrentCompareValueGet</name>
         <value>0x3371</value>
         <object_component_ref idref="oc-70b"/>
      </symbol>
      <symbol id="sm-b09">
         <name>NOROM_AONRTCCurrent64BitValueGet</name>
         <value>0x34a9</value>
         <object_component_ref idref="oc-81f"/>
      </symbol>
      <symbol id="sm-b43">
         <name>NOROM_ChipInfo_GetChipType</name>
         <value>0x2df1</value>
         <object_component_ref idref="oc-4bb"/>
      </symbol>
      <symbol id="sm-b44">
         <name>NOROM_ChipInfo_GetHwRevision</name>
         <value>0x2ae1</value>
         <object_component_ref idref="oc-11e"/>
      </symbol>
      <symbol id="sm-b45">
         <name>NOROM_ThisLibraryIsFor_CC13x0_HwRev20AndLater_HaltIfViolated</name>
         <value>0x3491</value>
         <object_component_ref idref="oc-bb"/>
      </symbol>
      <symbol id="sm-b46">
         <name>NOROM_ChipInfo_GetChipFamily</name>
         <value>0x3229</value>
         <object_component_ref idref="oc-118"/>
      </symbol>
      <symbol id="sm-b47">
         <name>NOROM_ChipInfo_GetPackageType</name>
         <value>0x3389</value>
         <object_component_ref idref="oc-4c1"/>
      </symbol>
      <symbol id="sm-b5b">
         <name>NOROM_CPUdelay</name>
         <value>0x373f</value>
         <object_component_ref idref="oc-778"/>
      </symbol>
      <symbol id="sm-b5c">
         <name>NOROM_CPUcpsie</name>
         <value>0x36a9</value>
         <object_component_ref idref="oc-37a"/>
      </symbol>
      <symbol id="sm-b5d">
         <name>NOROM_CPUcpsid</name>
         <value>0x369d</value>
         <object_component_ref idref="oc-6f"/>
      </symbol>
      <symbol id="sm-b63">
         <name>driverlib_release_0_60062</name>
         <value>0x20000535</value>
      </symbol>
      <symbol id="sm-b91">
         <name>NOROM_IntUnregister</name>
         <value>0x34bd</value>
         <object_component_ref idref="oc-8c5"/>
      </symbol>
      <symbol id="sm-b92">
         <name>NOROM_IntRegister</name>
         <value>0x2cb9</value>
         <object_component_ref idref="oc-5df"/>
      </symbol>
      <symbol id="sm-b93">
         <name>g_pfnRAMVectors</name>
         <value>0x20000700</value>
         <object_component_ref idref="oc-744"/>
      </symbol>
      <symbol id="sm-bf3">
         <name>NOROM_OSCHF_TurnOnXosc</name>
         <value>0x33a1</value>
         <object_component_ref idref="oc-717"/>
      </symbol>
      <symbol id="sm-bf4">
         <name>NOROM_OSC_HPOSCRelativeFrequencyOffsetToRFCoreFormatConvert</name>
         <value>0x36b5</value>
         <object_component_ref idref="oc-87c"/>
      </symbol>
      <symbol id="sm-bf5">
         <name>NOROM_OSCHF_AttemptToSwitchToXosc</name>
         <value>0x260d</value>
         <object_component_ref idref="oc-58f"/>
      </symbol>
      <symbol id="sm-bf6">
         <name>NOROM_OSCClockSourceSet</name>
         <value>0x26d5</value>
         <object_component_ref idref="oc-1ee"/>
      </symbol>
      <symbol id="sm-bf7">
         <name>NOROM_OSCClockSourceGet</name>
         <value>0x2f69</value>
         <object_component_ref idref="oc-1e8"/>
      </symbol>
      <symbol id="sm-bf8">
         <name>NOROM_OSCHF_SwitchToRcOscTurnOffXosc</name>
         <value>0x2ced</value>
         <object_component_ref idref="oc-71d"/>
      </symbol>
      <symbol id="sm-bf9">
         <name>NOROM_OSC_HPOSCRelativeFrequencyOffsetGet</name>
         <value>0x2b61</value>
         <object_component_ref idref="oc-876"/>
      </symbol>
      <symbol id="sm-c2e">
         <name>NOROM_SetupTrimDevice</name>
         <value>0x195d</value>
         <object_component_ref idref="oc-75"/>
      </symbol>
      <symbol id="sm-d3d">
         <name>NOROM_SetupGetTrimForRadcExtCfg</name>
         <value>0x2f95</value>
         <object_component_ref idref="oc-1da"/>
      </symbol>
      <symbol id="sm-d3e">
         <name>NOROM_SetupGetTrimForAmpcompCtrl</name>
         <value>0x2335</value>
         <object_component_ref idref="oc-1b0"/>
      </symbol>
      <symbol id="sm-d3f">
         <name>NOROM_SetupSetAonRtcSubSecInc</name>
         <value>0x2e21</value>
         <object_component_ref idref="oc-1f4"/>
      </symbol>
      <symbol id="sm-d40">
         <name>NOROM_SetupGetTrimForAnabypassValue1</name>
         <value>0x239d</value>
         <object_component_ref idref="oc-18c"/>
      </symbol>
      <symbol id="sm-d41">
         <name>NOROM_SetupGetTrimForXoscHfIbiastherm</name>
         <value>0x35d9</value>
         <object_component_ref idref="oc-19e"/>
      </symbol>
      <symbol id="sm-d42">
         <name>NOROM_SetupGetTrimForRcOscLfIBiasTrim</name>
         <value>0x3419</value>
         <object_component_ref idref="oc-1ce"/>
      </symbol>
      <symbol id="sm-d43">
         <name>NOROM_SetupSetCacheModeAccordingToCcfgSetting</name>
         <value>0x28a5</value>
         <object_component_ref idref="oc-c1"/>
      </symbol>
      <symbol id="sm-d44">
         <name>NOROM_SetupAfterColdResetWakeupFromShutDownCfg1</name>
         <value>0x1a05</value>
         <object_component_ref idref="oc-126"/>
      </symbol>
      <symbol id="sm-d45">
         <name>NOROM_SetupAfterColdResetWakeupFromShutDownCfg3</name>
         <value>0xcbd</value>
         <object_component_ref idref="oc-132"/>
      </symbol>
      <symbol id="sm-d46">
         <name>NOROM_SetupAfterColdResetWakeupFromShutDownCfg2</name>
         <value>0x132d</value>
         <object_component_ref idref="oc-12c"/>
      </symbol>
      <symbol id="sm-d47">
         <name>NOROM_SetupGetTrimForRcOscLfRtuneCtuneTrim</name>
         <value>0x3261</value>
         <object_component_ref idref="oc-198"/>
      </symbol>
      <symbol id="sm-d48">
         <name>NOROM_SetupGetTrimForXoscHfFastStart</name>
         <value>0x35c9</value>
         <object_component_ref idref="oc-1e2"/>
      </symbol>
      <symbol id="sm-d49">
         <name>NOROM_SetupGetTrimForXoscLfRegulatorAndCmirrwrRatio</name>
         <value>0x3431</value>
         <object_component_ref idref="oc-1d4"/>
      </symbol>
      <symbol id="sm-d4a">
         <name>NOROM_SetupGetTrimForXoscHfCtl</name>
         <value>0x3155</value>
         <object_component_ref idref="oc-1c2"/>
      </symbol>
      <symbol id="sm-d4b">
         <name>NOROM_SetupGetTrimForDblrLoopFilterResetVoltage</name>
         <value>0x3401</value>
         <object_component_ref idref="oc-1c8"/>
      </symbol>
      <symbol id="sm-d4c">
         <name>NOROM_SetupGetTrimForAdcShModeEn</name>
         <value>0x33b9</value>
         <object_component_ref idref="oc-1b6"/>
      </symbol>
      <symbol id="sm-d4d">
         <name>NOROM_SetupGetTrimForAdcShVbufEn</name>
         <value>0x33d1</value>
         <object_component_ref idref="oc-1bc"/>
      </symbol>
      <symbol id="sm-d4e">
         <name>NOROM_SetupSetVddrLevel</name>
         <value>0x217d</value>
         <object_component_ref idref="oc-185"/>
      </symbol>
      <symbol id="sm-d4f">
         <name>NOROM_SetupGetTrimForAmpcompTh1</name>
         <value>0x33e9</value>
         <object_component_ref idref="oc-1aa"/>
      </symbol>
      <symbol id="sm-d50">
         <name>NOROM_SetupGetTrimForAmpcompTh2</name>
         <value>0x3245</value>
         <object_component_ref idref="oc-1a4"/>
      </symbol>
      <symbol id="sm-da2">
         <name>NOROM_SysCtrl_DCDC_VoltageConditionalControl</name>
         <value>0x246d</value>
         <object_component_ref idref="oc-6bf"/>
      </symbol>
      <symbol id="sm-da3">
         <name>NOROM_SysCtrlAdjustRechargeAfterPowerDown</name>
         <value>0x2405</value>
         <object_component_ref idref="oc-862"/>
      </symbol>
      <symbol id="sm-da4">
         <name>NOROM_SysCtrlSetRechargeBeforePowerDown</name>
         <value>0x3d5</value>
         <object_component_ref idref="oc-856"/>
      </symbol>
      <symbol id="sm-db1">
         <name>NOROM_VIMSModeGet</name>
         <value>0x3659</value>
         <object_component_ref idref="oc-6dd"/>
      </symbol>
      <symbol id="sm-dc3">
         <name>NOROM_DDI32RegWrite</name>
         <value>0x2f3d</value>
         <object_component_ref idref="oc-192"/>
      </symbol>
      <symbol id="sm-dd2">
         <name>__aeabi_lmul</name>
         <value>0x3479</value>
         <object_component_ref idref="oc-6af"/>
      </symbol>
      <symbol id="sm-ded">
         <name>memcpy</name>
         <value>0x1d29</value>
         <object_component_ref idref="oc-57"/>
      </symbol>
      <symbol id="sm-dee">
         <name>__aeabi_memcpy</name>
         <value>0x1d29</value>
         <object_component_ref idref="oc-57"/>
      </symbol>
      <symbol id="sm-def">
         <name>__aeabi_memcpy8</name>
         <value>0x1d29</value>
         <object_component_ref idref="oc-57"/>
      </symbol>
      <symbol id="sm-df0">
         <name>__aeabi_memcpy4</name>
         <value>0x1d29</value>
         <object_component_ref idref="oc-57"/>
      </symbol>
      <symbol id="sm-dfe">
         <name>__aeabi_uldivmod</name>
         <value>0x1e5d</value>
         <object_component_ref idref="oc-6aa"/>
      </symbol>
      <symbol id="sm-e13">
         <name>__TI_zero_init_nomemset</name>
         <value>0x3309</value>
         <object_component_ref idref="oc-63"/>
      </symbol>
      <symbol id="sm-e2a">
         <name>__TI_decompress_none</name>
         <value>0x3683</value>
         <object_component_ref idref="oc-21"/>
      </symbol>
      <symbol id="sm-e4d">
         <name>__TI_decompress_lzss</name>
         <value>0x253d</value>
         <object_component_ref idref="oc-1b"/>
      </symbol>
      <symbol id="sm-e62">
         <name>_sys_memory</name>
         <value>0x20000548</value>
         <object_component_ref idref="oc-31"/>
      </symbol>
      <symbol id="sm-e76">
         <name>__stack</name>
         <value>0x20004c00</value>
         <object_component_ref idref="oc-34"/>
      </symbol>
      <symbol id="sm-e77">
         <name>_c_int00</name>
         <value>0x30ed</value>
         <object_component_ref idref="oc-e0"/>
      </symbol>
      <symbol id="sm-e81">
         <name>__aeabi_idiv0</name>
         <value>0x3773</value>
         <object_component_ref idref="oc-826"/>
      </symbol>
      <symbol id="sm-e82">
         <name>__aeabi_ldiv0</name>
         <value>0x3773</value>
         <object_component_ref idref="oc-826"/>
      </symbol>
      <symbol id="sm-eaa">
         <name>__TI_auto_init_nobinit_nopinit</name>
         <value>0x2a1d</value>
         <object_component_ref idref="oc-222"/>
      </symbol>
      <symbol id="sm-eb4">
         <name>_system_pre_init</name>
         <value>0x3767</value>
         <object_component_ref idref="oc-13a"/>
      </symbol>
      <symbol id="sm-ec0">
         <name>C$$EXIT</name>
         <value>0x376b</value>
         <object_component_ref idref="oc-216"/>
      </symbol>
      <symbol id="sm-ec1">
         <name>abort</name>
         <value>0x376b</value>
         <object_component_ref idref="oc-216"/>
      </symbol>
      <symbol id="sm-ed6">
         <name>_args_main</name>
         <value>0x3461</value>
         <object_component_ref idref="oc-14a"/>
      </symbol>
      <symbol id="sm-ed7">
         <name>__TI_static_base__</name>
         <value>0x0</value>
      </symbol>
      <symbol id="sm-eda">
         <name>__mpu_init</name>
         <value>0x0</value>
      </symbol>
      <symbol id="sm-edb">
         <name>_system_post_cinit</name>
         <value>0x0</value>
      </symbol>
      <symbol id="sm-edc">
         <name>NoRTOS_start</name>
         <value>0x3757</value>
      </symbol>
   </symbol_table>
   <title>Link successful</title>
</link_info>
