******************************************************************************
                  TI ARM Linker PC v20.2.5                     
******************************************************************************
>> Linked Tue Dec  7 12:57:45 2021

OUTPUT FILE NAME:   <rfEasyLinkEchoRx_CC1310_LAUNCHXL_nortos_ccs.out>
ENTRY POINT SYMBOL: "resetISR"  address: 000034d5


MEMORY CONFIGURATION

         name            origin    length      used     unused   attr    fill
----------------------  --------  ---------  --------  --------  ----  --------
  FLASH                 00000000   00008000  000038d8  00004728  R  X
  SRAM                  20000000   00005000  00000b0a  000044f6  RW X


SEGMENT ALLOCATION MAP

run origin  load origin   length   init length attrs members
----------  ----------- ---------- ----------- ----- -------
00000000    00000000    00003810   00003810    r-x
  00000000    00000000    000000c8   000000c8    r-- .intvecs
  000000c8    000000c8    00003660   00003660    r-x .text
  00003728    00003728    000000e8   000000e8    r-- .const
00003810    00003810    00000008   00000008    rw-
  00003810    00003810    00000008   00000008    rw- .args
00003818    00003818    00000068   00000068    r--
  00003818    00003818    00000068   00000068    r-- .cinit
00007fa8    00007fa8    00000058   00000058    r--
  00007fa8    00007fa8    00000058   00000058    r-- .ccfg
20000000    20000000    00000648   00000000    rw-
  20000000    20000000    000003f6   00000000    rw- .data
  200003f8    200003f8    0000014c   00000000    rw- .bss
  20000548    20000548    00000100   00000000    rw- .sysmem
20000700    20000700    000000c8   00000000    rw-
  20000700    20000700    000000c8   00000000    rw- .vtable_ram
20004c00    20004c00    00000400   00000000    rw-
  20004c00    20004c00    00000400   00000000    rw- .stack


SECTION ALLOCATION MAP

 output                                  attributes/
section   page    origin      length       input sections
--------  ----  ----------  ----------   ----------------
.intvecs   0    00000000    000000c8     
                  00000000    000000c8     nortos_cc13x0.aem3 : startup_cc13xx_cc26xx_ccs.oem3 (.intvecs)

.text      0    000000c8    00003660     
                  000000c8    0000030c     drivers_cc13x0.aem3 : PowerCC26XX_calibrateRCOSC.oem3 (.text:PowerCC26XX_auxISR)
                  000003d4    00000238     driverlib.lib : sys_ctrl.obj (.text:NOROM_SysCtrlSetRechargeBeforePowerDown)
                  0000060c    00000224     drivers_cc13x0.aem3 : PowerCC26XX.oem3 (.text:Power_sleep)
                  00000830    000001b0                         : PINCC26XX.oem3 (.text:PIN_init)
                  000009e0    00000190                         : PowerCC26XX_calibrateRCOSC.oem3 (.text:PowerCC26XX_doCalibrate)
                  00000b70    0000014c                         : I2CCC26XX.oem3 (.text:I2CCC26XX_open)
                  00000cbc    00000124     driverlib.lib : setup_rom.obj (.text:NOROM_SetupAfterColdResetWakeupFromShutDownCfg3)
                  00000de0    00000120     drivers_cc13x0.aem3 : I2CCC26XX.oem3 (.text:I2CCC26XX_hwiFxn)
                  00000f00    00000114                         : PowerCC26XX.oem3 (.text:Power_init)
                  00001014    00000110                         : PINCC26XX.oem3 (.text:PINCC26XX_setIoCfg)
                  00001124    00000100     nortos_cc13x0.aem3 : PowerCC26XX_nortos.oem3 (.text:PowerCC26XX_standbyPolicy)
                  00001224    000000f0     driverlib.lib : setup_rom.obj (.text:NOROM_SetupAfterColdResetWakeupFromShutDownCfg2)
                  00001314    000000d8     nortos_cc13x0.aem3 : SwiP_nortos.oem3 (.text:SwiP_construct)
                  000013ec    000000d6     drivers_cc13x0.aem3 : I2CCC26XX.oem3 (.text:I2CCC26XX_transfer)
                  000014c2    00000002     CC1310_LAUNCHXL_fxns.obj (.text:Board_initHook)
                  000014c4    000000c8     driverlib.lib : setup.obj (.text:TrimAfterColdResetWakeupFromShutDown)
                  0000158c    000000bc     drivers_cc13x0.aem3 : PowerCC26XX.oem3 (.text:Power_releaseDependency)
                  00001648    000000ba     rfEasyLinkEchoRx_nortos.obj (.text:mainThread)
                  00001702    00000002     driverlib.lib : interrupt.obj (.text:IntDefaultHandler)
                  00001704    000000b4     drivers_cc13x0.aem3 : PowerCC26XX.oem3 (.text:Power_setDependency)
                  000017b8    000000b0     nortos_cc13x0.aem3 : TimerPCC26XX_nortos.oem3 (.text:TimerP_construct)
                  00001868    000000a8                        : ClockPTimer_nortos.oem3 (.text:ClockP_workFuncDynamic)
                  00001910    000000a8     driverlib.lib : setup.obj (.text:NOROM_SetupTrimDevice)
                  000019b8    000000a4                   : setup_rom.obj (.text:NOROM_SetupAfterColdResetWakeupFromShutDownCfg1)
                  00001a5c    000000a4     drivers_cc13x0.aem3 : PowerCC26XX.oem3 (.text:switchXOSCHFclockFunc)
                  00001b00    000000a0                         : PINCC26XX.oem3 (.text:PIN_open)
                  00001ba0    000000a0     nortos_cc13x0.aem3 : SwiP_nortos.oem3 (.text:SwiP_dispatch)
                  00001c40    0000009c                        : ClockPTimer_nortos.oem3 (.text:ClockP_startup)
                  00001cdc    0000009c     rtsv7M3_T_le_eabi.lib : memcpy_t2.asm.obj (.text)
                  00001d78    00000098     nortos_cc13x0.aem3 : SemaphoreP_nortos.oem3 (.text:SemaphoreP_pend)
                  00001e10    00000096     rtsv7M3_T_le_eabi.lib : ull_div_t2.asm.obj (.text)
                  00001ea6    00000002     nortos_cc13x0.aem3 : SemaphoreP_nortos.oem3 (.text:SemaphoreP_destruct)
                  00001ea8    00000090     drivers_cc13x0.aem3 : I2CCC26XX.oem3 (.text:I2CCC26XX_cancel)
                  00001f38    0000008c                         : I2CCC26XX.oem3 (.text:I2CCC26XX_primeTransfer)
                  00001fc4    00000080     nortos_cc13x0.aem3 : ClockPTimer_nortos.oem3 (.text:ClockP_start)
                  00002044    00000078                        : HwiPCC26XX_nortos.oem3 (.text:HwiP_construct)
                  000020bc    00000074                        : ClockPTimer_nortos.oem3 (.text:ClockP_walkQueueDynamic)
                  00002130    00000074     driverlib.lib : setup_rom.obj (.text:NOROM_SetupSetVddrLevel)
                  000021a4    00000070     nortos_cc13x0.aem3 : TimerPCC26XX_nortos.oem3 (.text:TimerP_start)
                  00002214    0000006c     drivers_cc13x0.aem3 : PowerCC26XX_calibrateRCOSC.oem3 (.text:PowerCC26XX_initiateCalibration)
                  00002280    00000068                         : I2CCC26XX.oem3 (.text:I2CCC26XX_swiFxn)
                  000022e8    00000068     driverlib.lib : setup_rom.obj (.text:NOROM_SetupGetTrimForAmpcompCtrl)
                  00002350    00000068                   : setup_rom.obj (.text:NOROM_SetupGetTrimForAnabypassValue1)
                  000023b8    00000068                   : sys_ctrl.obj (.text:NOROM_SysCtrlAdjustRechargeAfterPowerDown)
                  00002420    00000068                   : sys_ctrl.obj (.text:NOROM_SysCtrl_DCDC_VoltageConditionalControl)
                  00002488    00000068     nortos_cc13x0.aem3 : SwiP_nortos.oem3 (.text:SwiP_post)
                  000024f0    00000068     rtsv7M3_T_le_eabi.lib : copy_decompress_lzss.c.obj (.text:decompress:lzss:__TI_decompress_lzss)
                  00002558    00000068     drivers_cc13x0.aem3 : PowerCC26XX.oem3 (.text:lfClockReadyCallback)
                  000025c0    00000064     driverlib.lib : osc.obj (.text:NOROM_OSCHF_AttemptToSwitchToXosc)
                  00002624    00000064     drivers_cc13x0.aem3 : PowerCC26XX.oem3 (.text:configureXOSCHF)
                  00002688    00000060     driverlib.lib : osc.obj (.text:NOROM_OSCClockSourceSet)
                  000026e8    00000060     drivers_cc13x0.aem3 : PowerCC26XX.oem3 (.text:PowerCC26XX_calibrate)
                  00002748    0000005c                         : I2CCC26XX.oem3 (.text:I2CCC26XX_close)
                  000027a4    0000005c                         : PowerCC26XX_calibrateRCOSC.oem3 (.text:PowerCC26XX_RCOSC_clockFunc)
                  00002800    00000058                         : PINCC26XX.oem3 (.text:PIN_remove)
                  00002858    00000050     driverlib.lib : setup_rom.obj (.text:NOROM_SetupSetCacheModeAccordingToCcfgSetting)
                  000028a8    00000050     nortos_cc13x0.aem3 : SemaphoreP_nortos.oem3 (.text:SemaphoreP_construct)
                  000028f8    0000004c     drivers_cc13x0.aem3 : I2CCC26XX.oem3 (.text:I2CCC26XX_initHw)
                  00002944    00000048     nortos_cc13x0.aem3 : ClockPTimer_nortos.oem3 (.text:ClockP_construct)
                  0000298c    00000044                        : SwiP_nortos.oem3 (.text:SwiP_restore)
                  000029d0    00000044     rtsv7M3_T_le_eabi.lib : autoinit.c.obj (.text:__TI_auto_init_nobinit_nopinit:__TI_auto_init_nobinit_nopinit)
                  00002a14    00000040     drivers_cc13x0.aem3 : I2C.oem3 (.text:I2C_init)
                  00002a54    00000040                         : I2C.oem3 (.text:I2C_open)
                  00002a94    00000040     driverlib.lib : chipinfo.obj (.text:NOROM_ChipInfo_GetHwRevision)
                  00002ad4    00000040     drivers_cc13x0.aem3 : PINCC26XX.oem3 (.text:PIN_swi)
                  00002b14    0000003c     driverlib.lib : osc.obj (.text:NOROM_OSC_HPOSCRelativeFrequencyOffsetGet)
                  00002b50    0000003c     nortos_cc13x0.aem3 : SemaphoreP_nortos.oem3 (.text:SemaphoreP_post)
                  00002b8c    0000003c     drivers_cc13x0.aem3 : PowerCC26XX.oem3 (.text:disableLfClkQualifiersEnableClkLoss)
                  00002bc8    00000038                         : PINCC26XX.oem3 (.text:PIN_setConfig)
                  00002c00    00000036     nortos_cc13x0.aem3 : TimerPCC26XX_nortos.oem3 (.text:TimerP_setNextTick)
                  00002c36    00000002                        : SemaphoreP_nortos.oem3 (.text:clkFxn)
                  00002c38    00000034                        : ClockPTimer_nortos.oem3 (.text:ClockP_getTicksUntilInterrupt)
                  00002c6c    00000034     driverlib.lib : interrupt.obj (.text:NOROM_IntRegister)
                  00002ca0    00000034                   : osc.obj (.text:NOROM_OSCHF_SwitchToRcOscTurnOffXosc)
                  00002cd4    00000034     drivers_cc13x0.aem3 : PowerCC26XX.oem3 (.text:Power_releaseConstraint)
                  00002d08    00000034     nortos_cc13x0.aem3 : SwiP_nortos.oem3 (.text:SwiP_destruct)
                  00002d3c    00000034                        : TimerPCC26XX_nortos.oem3 (.text:TimerP_initDevice)
                  00002d70    00000034     drivers_cc13x0.aem3 : PowerCC26XX.oem3 (.text:notify)
                  00002da4    00000030     driverlib.lib : chipinfo.obj (.text:NOROM_ChipInfo_GetChipType)
                  00002dd4    00000030                   : setup_rom.obj (.text:NOROM_SetupSetAonRtcSubSecInc)
                  00002e04    00000030     drivers_cc13x0.aem3 : PINCC26XX.oem3 (.text:PINCC26XX_setMux)
                  00002e34    00000030                         : PowerCC26XX.oem3 (.text:Power_setConstraint)
                  00002e64    00000030     nortos_cc13x0.aem3 : TimerPCC26XX_nortos.oem3 (.text:TimerP_getCurrentTick)
                  00002e94    00000030                        : TimerPCC26XX_nortos.oem3 (.text:TimerP_setThreshold)
                  00002ec4    0000002c                        : HwiPCC26XX_nortos.oem3 (.text:HwiP_dispatch)
                  00002ef0    0000002c     driverlib.lib : ddi.obj (.text:NOROM_DDI32RegWrite)
                  00002f1c    0000002c                   : osc.obj (.text:NOROM_OSCClockSourceGet)
                  00002f48    0000002c                   : setup_rom.obj (.text:NOROM_SetupGetTrimForRadcExtCfg)
                  00002f74    00000028                   : aon_batmon.obj (.text:NOROM_AONBatMonTemperatureGetDegC)
                  00002f9c    00000028     drivers_cc13x0.aem3 : PowerCC26XX.oem3 (.text:Power_registerNotify)
                  00002fc4    00000028     driverlib.lib : adi.obj (.text:SafeHapiVoid)
                  00002fec    00000024     nortos_cc13x0.aem3 : ClockPTimer_nortos.oem3 (.text:ClockP_getTicks)
                  00003010    00000024                        : ClockPTimer_nortos.oem3 (.text:ClockP_scheduleNextTick)
                  00003034    00000024     drivers_cc13x0.aem3 : List.oem3 (.text:List_remove)
                  00003058    00000024                         : PINCC26XX.oem3 (.text:PINCC26XX_setIoCfgMux)
                  0000307c    00000024     nortos_cc13x0.aem3 : TimerPCC26XX_nortos.oem3 (.text:TimerP_getMaxTicks)
                  000030a0    00000024     rtsv7M3_T_le_eabi.lib : boot_cortex_m.c.obj (.text:_c_int00:_c_int00)
                  000030c4    00000022     drivers_cc13x0.aem3 : List.oem3 (.text:List_put)
                  000030e6    00000002                         : PowerCC26XX.oem3 (.text:emptyClockFunc)
                  000030e8    00000020     nortos_cc13x0.aem3 : ClockPTimer_nortos.oem3 (.text:ClockP_add)
                  00003108    00000020     driverlib.lib : setup_rom.obj (.text:NOROM_SetupGetTrimForXoscHfCtl)
                  00003128    00000020     drivers_cc13x0.aem3 : PowerCC26XX.oem3 (.text:Power_unregisterNotify)
                  00003148    0000001e                         : PINCC26XX.oem3 (.text:PIN_close)
                  00003166    0000001e                         : PowerCC26XX.oem3 (.text:Power_getTransitionLatency)
                  00003184    0000001e     nortos_cc13x0.aem3 : SemaphoreP_nortos.oem3 (.text:SemaphoreP_constructBinary)
                  000031a2    00000002                        : startup_cc13xx_cc26xx_ccs.oem3 (.text:faultISR)
                  000031a4    0000001c     CC1310_LAUNCHXL.obj (.text:CC1310_LAUNCHXL_initGeneral)
                  000031c0    0000001c     nortos_cc13x0.aem3 : HwiPCC26XX_nortos.oem3 (.text:HwiP_destruct)
                  000031dc    0000001c     driverlib.lib : chipinfo.obj (.text:NOROM_ChipInfo_GetChipFamily)
                  000031f8    0000001c                   : setup_rom.obj (.text:NOROM_SetupGetTrimForAmpcompTh2)
                  00003214    0000001c                   : setup_rom.obj (.text:NOROM_SetupGetTrimForRcOscLfRtuneCtuneTrim)
                  00003230    0000001c     drivers_cc13x0.aem3 : PINCC26XX.oem3 (.text:PIN_hwi)
                  0000324c    0000001c     nortos_cc13x0.aem3 : QueueP_nortos.oem3 (.text:QueueP_put)
                  00003268    0000001c                        : SwiP_nortos.oem3 (.text:SwiP_disable)
                  00003284    0000001c                        : SwiP_nortos.oem3 (.text:SwiP_or)
                  000032a0    0000001c                        : TimerPCC26XX_nortos.oem3 (.text:TimerP_dynamicStub)
                  000032bc    0000001c     rtsv7M3_T_le_eabi.lib : copy_zero_init.c.obj (.text:decompress:ZI:__TI_zero_init_nomemset:__TI_zero_init_nomemset)
                  000032d8    0000001a     nortos_cc13x0.aem3 : QueueP_nortos.oem3 (.text:QueueP_get)
                  000032f2    00000018                        : ClockPTimer_nortos.oem3 (.text:ClockP_destruct)
                  0000330a    00000002                        : startup_cc13xx_cc26xx_ccs.oem3 (.text:intDefaultHandler)
                  0000330c    00000018                        : HwiPCC26XX_nortos.oem3 (.text:HwiP_inISR)
                  00003324    00000018     driverlib.lib : aon_rtc.obj (.text:NOROM_AONRTCCurrentCompareValueGet)
                  0000333c    00000018                   : chipinfo.obj (.text:NOROM_ChipInfo_GetPackageType)
                  00003354    00000018                   : osc.obj (.text:NOROM_OSCHF_TurnOnXosc)
                  0000336c    00000018                   : setup_rom.obj (.text:NOROM_SetupGetTrimForAdcShModeEn)
                  00003384    00000018                   : setup_rom.obj (.text:NOROM_SetupGetTrimForAdcShVbufEn)
                  0000339c    00000018                   : setup_rom.obj (.text:NOROM_SetupGetTrimForAmpcompTh1)
                  000033b4    00000018                   : setup_rom.obj (.text:NOROM_SetupGetTrimForDblrLoopFilterResetVoltage)
                  000033cc    00000018                   : setup_rom.obj (.text:NOROM_SetupGetTrimForRcOscLfIBiasTrim)
                  000033e4    00000018                   : setup_rom.obj (.text:NOROM_SetupGetTrimForXoscLfRegulatorAndCmirrwrRatio)
                  000033fc    00000018     drivers_cc13x0.aem3 : PowerCC26XX.oem3 (.text:Power_idleFunc)
                  00003414    00000018     rtsv7M3_T_le_eabi.lib : args_main.c.obj (.text:_args_main)
                  0000342c    00000018                           : ll_mul_t2.asm.obj (.text)
                  00003444    00000016     driverlib.lib : chipinfo.obj (.text:NOROM_ThisLibraryIsFor_CC13x0_HwRev20AndLater_HaltIfViolated)
                  0000345a    00000002     nortos_cc13x0.aem3 : startup_cc13xx_cc26xx_ccs.oem3 (.text:nmiISR)
                  0000345c    00000014     driverlib.lib : aon_rtc.obj (.text:NOROM_AONRTCCurrent64BitValueGet)
                  00003470    00000014                   : interrupt.obj (.text:NOROM_IntUnregister)
                  00003484    00000014     drivers_cc13x0.aem3 : PowerCC26XX.oem3 (.text:Power_disablePolicy)
                  00003498    00000014     nortos_cc13x0.aem3 : SwiP_nortos.oem3 (.text:SwiP_handleHwi)
                  000034ac    00000014                        : TimerPCC26XX_nortos.oem3 (.text:TimerP_startup)
                  000034c0    00000014     drivers_cc13x0.aem3 : PowerCC26XX.oem3 (.text:configureRFCoreClocks)
                  000034d4    00000014     nortos_cc13x0.aem3 : startup_cc13xx_cc26xx_ccs.oem3 (.text:resetISR)
                  000034e8    00000012                        : HwiPCC26XX_nortos.oem3 (.text:HwiP_Params_init)
                  000034fa    00000012     main_nortos.obj (.text:main)
                  0000350c    00000010     nortos_cc13x0.aem3 : ClockPTimer_nortos.oem3 (.text:ClockP_Params_init)
                  0000351c    00000010                        : ClockPTimer_nortos.oem3 (.text:ClockP_getCpuFreq)
                  0000352c    00000010                        : HwiPCC26XX_nortos.oem3 (.text:HwiP_disable)
                  0000353c    00000010                        : HwiPCC26XX_nortos.oem3 (.text:HwiP_disableInterrupt)
                  0000354c    00000010                        : HwiPCC26XX_nortos.oem3 (.text:HwiP_enableInterrupt)
                  0000355c    00000010                        : HwiPCC26XX_nortos.oem3 (.text:HwiP_post)
                  0000356c    00000010     drivers_cc13x0.aem3 : I2C.oem3 (.text:I2C_Params_init)
                  0000357c    00000010     driverlib.lib : setup_rom.obj (.text:NOROM_SetupGetTrimForXoscHfFastStart)
                  0000358c    00000010                   : setup_rom.obj (.text:NOROM_SetupGetTrimForXoscHfIbiastherm)
                  0000359c    00000010     drivers_cc13x0.aem3 : PINCC26XX.oem3 (.text:PINCC26XX_getPinCount)
                  000035ac    00000010     nortos_cc13x0.aem3 : PowerCC26XX_nortos.oem3 (.text:PowerCC26XX_schedulerDisable)
                  000035bc    00000010     drivers_cc13x0.aem3 : PowerCC26XX.oem3 (.text:Power_enablePolicy)
                  000035cc    00000010     nortos_cc13x0.aem3 : SemaphoreP_nortos.oem3 (.text:SemaphoreP_Params_init)
                  000035dc    00000010                        : SwiP_nortos.oem3 (.text:SwiP_Params_init)
                  000035ec    00000010                        : TimerPCC26XX_nortos.oem3 (.text:TimerP_Params_init)
                  000035fc    00000010     drivers_cc13x0.aem3 : I2CCC26XX.oem3 (.text:i2cPostNotify)
                  0000360c    0000000e     driverlib.lib : vims.obj (.text:NOROM_VIMSModeGet)
                  0000361a    0000000e     nortos_cc13x0.aem3 : QueueP_nortos.oem3 (.text:QueueP_empty)
                  00003628    0000000e                        : QueueP_nortos.oem3 (.text:QueueP_remove)
                  00003636    0000000e     rtsv7M3_T_le_eabi.lib : copy_decompress_none.c.obj (.text:decompress:none:__TI_decompress_none)
                  00003644    0000000c     nortos_cc13x0.aem3 : ClockPTimer_nortos.oem3 (.text:ClockP_doTick)
                  00003650    0000000c     driverlib.lib : cpu.obj (.text:NOROM_CPUcpsid)
                  0000365c    0000000c                   : cpu.obj (.text:NOROM_CPUcpsie)
                  00003668    0000000c                   : osc.obj (.text:NOROM_OSC_HPOSCRelativeFrequencyOffsetToRFCoreFormatConvert)
                  00003674    0000000c     nortos_cc13x0.aem3 : PowerCC26XX_nortos.oem3 (.text:PowerCC26XX_schedulerRestore)
                  00003680    0000000c     drivers_cc13x0.aem3 : PowerCC26XX.oem3 (.text:Power_getConstraintMask)
                  0000368c    0000000c                         : PowerCC26XX.oem3 (.text:Power_getDependencyCount)
                  00003698    0000000c     nortos_cc13x0.aem3 : SwiP_nortos.oem3 (.text:SwiP_getTrigger)
                  000036a4    0000000c                        : TimerPCC26XX_nortos.oem3 (.text:TimerP_getFreq)
                  000036b0    0000000a     drivers_cc13x0.aem3 : I2CCC26XX.oem3 (.text:I2CCC26XX_init)
                  000036ba    0000000a                         : I2C.oem3 (.text:I2C_close)
                  000036c4    0000000a                         : I2C.oem3 (.text:I2C_transfer)
                  000036ce    00000008     CC1310_LAUNCHXL.obj (.text:Board_init)
                  000036d6    00000008     nortos_cc13x0.aem3 : HwiPCC26XX_nortos.oem3 (.text:HwiP_restore)
                  000036de    00000008     drivers_cc13x0.aem3 : I2CCC26XX.oem3 (.text:I2CCC26XX_blockingCallback)
                  000036e6    00000006     nortos_cc13x0.aem3 : ClockPTimer_nortos.oem3 (.text:ClockP_stop)
                  000036ec    00000006     drivers_cc13x0.aem3 : I2CCC26XX.oem3 (.text:I2CCC26XX_control)
                  000036f2    00000006     driverlib.lib : cpu.obj (.text:NOROM_CPUdelay)
                  000036f8    00000006     nortos_cc13x0.aem3 : QueueP_nortos.oem3 (.text:QueueP_init)
                  000036fe    00000004                        : PowerCC26XX_nortos.oem3 (.text:CPUwfi)
                  00003702    00000004                        : ClockPTimer_nortos.oem3 (.text:ClockP_isActive)
                  00003706    00000004                        : ClockPTimer_nortos.oem3 (.text:ClockP_setTimeout)
                  0000370a    00000004                        : HwiPCC26XX_nortos.oem3 (.text:HwiP_enable)
                  0000370e    00000004                        : QueueP_nortos.oem3 (.text:QueueP_head)
                  00003712    00000004                        : QueueP_nortos.oem3 (.text:QueueP_next)
                  00003716    00000004                        : TimerPCC26XX_nortos.oem3 (.text:TimerP_getCount64)
                  0000371a    00000004     rtsv7M3_T_le_eabi.lib : pre_init.c.obj (.text:_system_pre_init)
                  0000371e    00000004                           : exit.c.obj (.text:abort:abort)
                  00003722    00000004     drivers_cc13x0.aem3 : PowerCC26XX.oem3 (.text:nopResourceHandler)
                  00003726    00000002     rtsv7M3_T_le_eabi.lib : div0.asm.obj (.text)

.const     0    00003728    000000e8     
                  00003728    0000004c     drivers_cc13x0.aem3 : PowerCC26XX.oem3 (.const:resourceDB)
                  00003774    00000018                         : I2CCC26XX.oem3 (.const:I2CCC26XX_fxnTable)
                  0000378c    00000018     CC1310_LAUNCHXL.obj (.const:PowerCC26XX_config)
                  000037a4    00000018     CC1310_LAUNCHXL.obj (.const:i2cCC26xxHWAttrs)
                  000037bc    00000012     CC1310_LAUNCHXL.obj (.const)
                  000037ce    00000002     --HOLE-- [fill = 0]
                  000037d0    00000010     drivers_cc13x0.aem3 : I2C.oem3 (.const:I2C_defaultParams)
                  000037e0    00000010     nortos_cc13x0.aem3 : SwiP_nortos.oem3 (.const:SwiP_defaultParams)
                  000037f0    0000000c     CC1310_LAUNCHXL.obj (.const:I2C_config)
                  000037fc    00000008     CC1310_LAUNCHXL.obj (.const:PINCC26XX_hwAttrs)
                  00003804    00000008     drivers_cc13x0.aem3 : I2CCC26XX.oem3 (.const:bitRate)
                  0000380c    00000004     CC1310_LAUNCHXL.obj (.const:BoardGpioInitTable)

.cinit     0    00003818    00000068     
                  00003818    00000031     (.cinit..data.load) [load image, compression = lzss]
                  00003849    00000003     --HOLE-- [fill = 0]
                  0000384c    0000000c     (__TI_handler_table)
                  00003858    00000008     (.cinit..bss.load) [load image, compression = zero_init]
                  00003860    00000008     (.cinit..vtable_ram.load) [load image, compression = zero_init]
                  00003868    00000018     (__TI_cinit_table)

.init_array 
*          0    00000000    00000000     UNINITIALIZED

.ccfg      0    00007fa8    00000058     
                  00007fa8    00000058     ccfg.obj (.ccfg:retain)

.data      0    20000000    000003f6     UNINITIALIZED
                  20000000    00000114     drivers_cc13x0.aem3 : PINCC26XX.oem3 (.data:$O1$$)
                  20000114    00000114                         : PowerCC26XX.oem3 (.data:PowerCC26XX_module)
                  20000228    000000d0     nortos_cc13x0.aem3 : HwiPCC26XX_nortos.oem3 (.data:$O1$$)
                  200002f8    000000c0                        : ClockPTimer_nortos.oem3 (.data:$O1$$)
                  200003b8    00000030                        : TimerPCC26XX_nortos.oem3 (.data:$O1$$)
                  200003e8    0000000c                        : SemaphoreP_nortos.oem3 (.data:$O1$$)
                  200003f4    00000001     drivers_cc13x0.aem3 : I2C.oem3 (.data)
                  200003f5    00000001     nortos_cc13x0.aem3 : SwiP_nortos.oem3 (.data)

.bss       0    200003f8    0000014c     UNINITIALIZED
                  200003f8    000000e0     (.common:i2cCC26xxObjects)
                  200004d8    0000003c     nortos_cc13x0.aem3 : SwiP_nortos.oem3 (.bss:$O1$$)
                  20000514    00000014     driverlib.lib : osc.obj (.bss:oscHfGlobals)
                  20000528    0000000d     nortos_cc13x0.aem3 : SwiP_nortos.oem3 (.bss)
                  20000535    00000001     (.common:driverlib_release_0_60062)
                  20000536    00000002     --HOLE--
                  20000538    00000008     driverlib.lib : sys_ctrl.obj (.bss:powerQualGlobals)
                  20000540    00000004     nortos_cc13x0.aem3 : PowerCC26XX_nortos.oem3 (.bss)

.sysmem    0    20000548    00000100     UNINITIALIZED
                  20000548    00000010     rtsv7M3_T_le_eabi.lib : memory.c.obj (.sysmem)
                  20000558    000000f0     --HOLE--

.vtable_ram 
*          0    20000700    000000c8     UNINITIALIZED
                  20000700    000000c8     driverlib.lib : interrupt.obj (.vtable_ram)

.stack     0    20004c00    00000400     UNINITIALIZED
                  20004c00    00000004     rtsv7M3_T_le_eabi.lib : boot_cortex_m.c.obj (.stack)
                  20004c04    000003fc     --HOLE--

__llvm_prf_cnts 
*          0    20000000    00000000     UNINITIALIZED

.binit     0    00000000    00000000     

.args      0    00003810    00000008     
                  00003810    00000008     --HOLE-- [fill = 0]

MODULE SUMMARY

       Module                            code    ro data   rw data
       ------                            ----    -------   -------
    .\
       CC1310_LAUNCHXL.obj               36      90        224    
       rfEasyLinkEchoRx_nortos.obj       186     0         0      
       ccfg.obj                          0       88        0      
       main_nortos.obj                   18      0         0      
       CC1310_LAUNCHXL_fxns.obj          2       0         0      
    +--+---------------------------------+-------+---------+---------+
       Total:                            242     178       224    
                                                                  
    C:/ti/simplelink_cc13x0_sdk_4_20_01_03/kernel/nortos/lib/nortos_cc13x0.aem3
       ClockPTimer_nortos.oem3           878     0         192    
       SwiP_nortos.oem3                  704     16        74     
       TimerPCC26XX_nortos.oem3          606     0         48     
       HwiPCC26XX_nortos.oem3            310     0         208    
       SemaphoreP_nortos.oem3            342     0         12     
       PowerCC26XX_nortos.oem3           288     0         4      
       startup_cc13xx_cc26xx_ccs.oem3    26      200       0      
       QueueP_nortos.oem3                96      0         0      
    +--+---------------------------------+-------+---------+---------+
       Total:                            3250    216       538    
                                                                  
    C:/ti/simplelink_cc13x0_sdk_4_20_01_03/source/ti/devices/cc13x0/driverlib/bin/ccs/driverlib.lib
       setup_rom.obj                     1456    0         0      
       sys_ctrl.obj                      776     0         8      
       osc.obj                           388     0         20     
       setup.obj                         368     0         0      
       interrupt.obj                     74      0         200    
       chipinfo.obj                      186     0         0      
       aon_rtc.obj                       44      0         0      
       ddi.obj                           44      0         0      
       adi.obj                           40      0         0      
       aon_batmon.obj                    40      0         0      
       cpu.obj                           30      0         0      
       vims.obj                          14      0         0      
       driverlib_release.obj             0       0         1      
    +--+---------------------------------+-------+---------+---------+
       Total:                            3460    0         229    
                                                                  
    C:/ti/simplelink_cc13x0_sdk_4_20_01_03/source/ti/drivers/lib/drivers_cc13x0.aem3
       PowerCC26XX.oem3                  2080    76        276    
       PINCC26XX.oem3                    1230    0         276    
       I2CCC26XX.oem3                    1430    32        0      
       PowerCC26XX_calibrateRCOSC.oem3   1380    0         0      
       I2C.oem3                          164     16        1      
       List.oem3                         70      0         0      
    +--+---------------------------------+-------+---------+---------+
       Total:                            6354    124       553    
                                                                  
    C:\ti\ccs1100\ccs\tools\compiler\ti-cgt-arm_20.2.5.LTS\lib\rtsv7M3_T_le_eabi.lib
       memcpy_t2.asm.obj                 156     0         0      
       ull_div_t2.asm.obj                150     0         0      
       copy_decompress_lzss.c.obj        104     0         0      
       autoinit.c.obj                    68      0         0      
       boot_cortex_m.c.obj               36      0         0      
       copy_zero_init.c.obj              28      0         0      
       args_main.c.obj                   24      0         0      
       ll_mul_t2.asm.obj                 24      0         0      
       copy_decompress_none.c.obj        14      0         0      
       exit.c.obj                        4       0         0      
       pre_init.c.obj                    4       0         0      
       div0.asm.obj                      2       0         0      
    +--+---------------------------------+-------+---------+---------+
       Total:                            614     0         0      
                                                                  
       Heap:                             0       0         256    
       Stack:                            0       0         1024   
       Linker Generated:                 0       101       0      
    +--+---------------------------------+-------+---------+---------+
       Grand Total:                      13920   619       2824   


LINKER GENERATED COPY TABLES

__TI_cinit_table @ 00003868 records: 3, size/record: 8, table size: 24
	.data: load addr=00003818, load size=00000031 bytes, run addr=20000000, run size=000003f6 bytes, compression=lzss
	.bss: load addr=00003858, load size=00000008 bytes, run addr=200003f8, run size=0000014c bytes, compression=zero_init
	.vtable_ram: load addr=00003860, load size=00000008 bytes, run addr=20000700, run size=000000c8 bytes, compression=zero_init


LINKER GENERATED HANDLER TABLE

__TI_handler_table @ 0000384c records: 3, size/record: 4, table size: 12
	index: 0, handler: __TI_zero_init
	index: 1, handler: __TI_decompress_lzss
	index: 2, handler: __TI_decompress_none


GLOBAL SYMBOLS: SORTED ALPHABETICALLY BY Name 

address   name                                                        
-------   ----                                                        
000037bc  ADCBuf_count                                                
000037bd  ADC_count                                                   
000037c0  AESCBC_count                                                
000037be  AESCCM_count                                                
000037c3  AESCTRDRBG_count                                            
000037c1  AESCTR_count                                                
000037c2  AESECB_count                                                
000037bf  AESGCM_count                                                
0000380c  BoardGpioInitTable                                          
000036cf  Board_init                                                  
000014c3  Board_initHook                                              
0000371f  C$$EXIT                                                     
000031a5  CC1310_LAUNCHXL_initGeneral                                 
0000350d  ClockP_Params_init                                          
000030e9  ClockP_add                                                  
00002945  ClockP_construct                                            
000032f3  ClockP_destruct                                             
00003645  ClockP_doTick                                               
0000351d  ClockP_getCpuFreq                                           
00002fed  ClockP_getTicks                                             
00002c39  ClockP_getTicksUntilInterrupt                               
00003703  ClockP_isActive                                             
00003011  ClockP_scheduleNextTick                                     
00003707  ClockP_setTimeout                                           
00001fc5  ClockP_start                                                
00001c41  ClockP_startup                                              
000036e7  ClockP_stop                                                 
200002fc  ClockP_tickPeriod                                           
000020bd  ClockP_walkQueueDynamic                                     
00001869  ClockP_workFuncDynamic                                      
000037c5  Display_count                                               
000034e9  HwiP_Params_init                                            
00002045  HwiP_construct                                              
000031c1  HwiP_destruct                                               
0000352d  HwiP_disable                                                
0000353d  HwiP_disableInterrupt                                       
0000370b  HwiP_enable                                                 
0000354d  HwiP_enableInterrupt                                        
0000330d  HwiP_inISR                                                  
0000355d  HwiP_post                                                   
000036d7  HwiP_restore                                                
2000022c  HwiP_swiPIntNum                                             
00001ea9  I2CCC26XX_cancel                                            
00002749  I2CCC26XX_close                                             
000036ed  I2CCC26XX_control                                           
00003774  I2CCC26XX_fxnTable                                          
000036b1  I2CCC26XX_init                                              
00000b71  I2CCC26XX_open                                              
000013ed  I2CCC26XX_transfer                                          
0000356d  I2C_Params_init                                             
000036bb  I2C_close                                                   
000037f0  I2C_config                                                  
000037c6  I2C_count                                                   
000037d0  I2C_defaultParams                                           
00002a15  I2C_init                                                    
00002a55  I2C_open                                                    
000036c5  I2C_transfer                                                
000037c7  I2S_count                                                   
000030c5  List_put                                                    
00003035  List_remove                                                 
00002f75  NOROM_AONBatMonTemperatureGetDegC                           
0000345d  NOROM_AONRTCCurrent64BitValueGet                            
00003325  NOROM_AONRTCCurrentCompareValueGet                          
00003651  NOROM_CPUcpsid                                              
0000365d  NOROM_CPUcpsie                                              
000036f3  NOROM_CPUdelay                                              
000031dd  NOROM_ChipInfo_GetChipFamily                                
00002da5  NOROM_ChipInfo_GetChipType                                  
00002a95  NOROM_ChipInfo_GetHwRevision                                
0000333d  NOROM_ChipInfo_GetPackageType                               
00002ef1  NOROM_DDI32RegWrite                                         
00002c6d  NOROM_IntRegister                                           
00003471  NOROM_IntUnregister                                         
00002f1d  NOROM_OSCClockSourceGet                                     
00002689  NOROM_OSCClockSourceSet                                     
000025c1  NOROM_OSCHF_AttemptToSwitchToXosc                           
00002ca1  NOROM_OSCHF_SwitchToRcOscTurnOffXosc                        
00003355  NOROM_OSCHF_TurnOnXosc                                      
00002b15  NOROM_OSC_HPOSCRelativeFrequencyOffsetGet                   
00003669  NOROM_OSC_HPOSCRelativeFrequencyOffsetToRFCoreFormatConvert 
000019b9  NOROM_SetupAfterColdResetWakeupFromShutDownCfg1             
00001225  NOROM_SetupAfterColdResetWakeupFromShutDownCfg2             
00000cbd  NOROM_SetupAfterColdResetWakeupFromShutDownCfg3             
0000336d  NOROM_SetupGetTrimForAdcShModeEn                            
00003385  NOROM_SetupGetTrimForAdcShVbufEn                            
000022e9  NOROM_SetupGetTrimForAmpcompCtrl                            
0000339d  NOROM_SetupGetTrimForAmpcompTh1                             
000031f9  NOROM_SetupGetTrimForAmpcompTh2                             
00002351  NOROM_SetupGetTrimForAnabypassValue1                        
000033b5  NOROM_SetupGetTrimForDblrLoopFilterResetVoltage             
00002f49  NOROM_SetupGetTrimForRadcExtCfg                             
000033cd  NOROM_SetupGetTrimForRcOscLfIBiasTrim                       
00003215  NOROM_SetupGetTrimForRcOscLfRtuneCtuneTrim                  
00003109  NOROM_SetupGetTrimForXoscHfCtl                              
0000357d  NOROM_SetupGetTrimForXoscHfFastStart                        
0000358d  NOROM_SetupGetTrimForXoscHfIbiastherm                       
000033e5  NOROM_SetupGetTrimForXoscLfRegulatorAndCmirrwrRatio         
00002dd5  NOROM_SetupSetAonRtcSubSecInc                               
00002859  NOROM_SetupSetCacheModeAccordingToCcfgSetting               
00002131  NOROM_SetupSetVddrLevel                                     
00001911  NOROM_SetupTrimDevice                                       
000023b9  NOROM_SysCtrlAdjustRechargeAfterPowerDown                   
000003d5  NOROM_SysCtrlSetRechargeBeforePowerDown                     
00002421  NOROM_SysCtrl_DCDC_VoltageConditionalControl                
00003445  NOROM_ThisLibraryIsFor_CC13x0_HwRev20AndLater_HaltIfViolated
0000360d  NOROM_VIMSModeGet                                           
000037c8  NVS_count                                                   
0000370b  NoRTOS_start                                                
0000359d  PINCC26XX_getPinCount                                       
000037fc  PINCC26XX_hwAttrs                                           
00002e05  PINCC26XX_setMux                                            
00003149  PIN_close                                                   
00000831  PIN_init                                                    
00001b01  PIN_open                                                    
00002801  PIN_remove                                                  
00002bc9  PIN_setConfig                                               
000037c9  PWM_count                                                   
000027a5  PowerCC26XX_RCOSC_clockFunc                                 
000000c9  PowerCC26XX_auxISR                                          
000026e9  PowerCC26XX_calibrate                                       
0000378c  PowerCC26XX_config                                          
000009e1  PowerCC26XX_doCalibrate                                     
00002215  PowerCC26XX_initiateCalibration                             
20000114  PowerCC26XX_module                                          
000035ad  PowerCC26XX_schedulerDisable                                
00003675  PowerCC26XX_schedulerRestore                                
00001125  PowerCC26XX_standbyPolicy                                   
00003485  Power_disablePolicy                                         
000035bd  Power_enablePolicy                                          
00003681  Power_getConstraintMask                                     
0000368d  Power_getDependencyCount                                    
00003167  Power_getTransitionLatency                                  
000033fd  Power_idleFunc                                              
00000f01  Power_init                                                  
00002f9d  Power_registerNotify                                        
00002cd5  Power_releaseConstraint                                     
0000158d  Power_releaseDependency                                     
00002e35  Power_setConstraint                                         
00001705  Power_setDependency                                         
0000060d  Power_sleep                                                 
00003129  Power_unregisterNotify                                      
0000361b  QueueP_empty                                                
000032d9  QueueP_get                                                  
0000370f  QueueP_head                                                 
000036f9  QueueP_init                                                 
00003713  QueueP_next                                                 
0000324d  QueueP_put                                                  
00003629  QueueP_remove                                               
000037ca  SD_count                                                    
000037cb  SPI_count                                                   
00002fc5  SafeHapiVoid                                                
000035cd  SemaphoreP_Params_init                                      
000028a9  SemaphoreP_construct                                        
00003185  SemaphoreP_constructBinary                                  
200003ec  SemaphoreP_defaultParams                                    
00001ea7  SemaphoreP_destruct                                         
00001d79  SemaphoreP_pend                                             
00002b51  SemaphoreP_post                                             
000035dd  SwiP_Params_init                                            
00001315  SwiP_construct                                              
00002d09  SwiP_destruct                                               
00003269  SwiP_disable                                                
00001ba1  SwiP_dispatch                                               
00003699  SwiP_getTrigger                                             
00003285  SwiP_or                                                     
00002489  SwiP_post                                                   
0000298d  SwiP_restore                                                
000037c4  TRNG_count                                                  
000035ed  TimerP_Params_init                                          
000017b9  TimerP_construct                                            
000032a1  TimerP_dynamicStub                                          
00003717  TimerP_getCount64                                           
00002e65  TimerP_getCurrentTick                                       
000036a5  TimerP_getFreq                                              
0000307d  TimerP_getMaxTicks                                          
00002d3d  TimerP_initDevice                                           
00002c01  TimerP_setNextTick                                          
00002e95  TimerP_setThreshold                                         
000021a5  TimerP_start                                                
000034ad  TimerP_startup                                              
000037cc  UART_count                                                  
000037cd  Watchdog_count                                              
20005000  __STACK_END                                                 
00000400  __STACK_SIZE                                                
00000100  __SYSMEM_SIZE                                               
00003868  __TI_CINIT_Base                                             
00003880  __TI_CINIT_Limit                                            
0000384c  __TI_Handler_Table_Base                                     
00003858  __TI_Handler_Table_Limit                                    
000029d1  __TI_auto_init_nobinit_nopinit                              
000024f1  __TI_decompress_lzss                                        
00003637  __TI_decompress_none                                        
ffffffff  __TI_pprof_out_hndl                                         
ffffffff  __TI_prof_data_size                                         
ffffffff  __TI_prof_data_start                                        
00000000  __TI_static_base__                                          
000032bd  __TI_zero_init_nomemset                                     
00003727  __aeabi_idiv0                                               
00003727  __aeabi_ldiv0                                               
0000342d  __aeabi_lmul                                                
00001cdd  __aeabi_memcpy                                              
00001cdd  __aeabi_memcpy4                                             
00001cdd  __aeabi_memcpy8                                             
00001e11  __aeabi_uldivmod                                            
ffffffff  __binit__                                                   
00003810  __c_args__                                                  
00007fa8  __ccfg                                                      
UNDEFED   __mpu_init                                                  
20004c00  __stack                                                     
20000000  __start___llvm_prf_cnts                                     
20000000  __stop___llvm_prf_cnts                                      
00003415  _args_main                                                  
000030a1  _c_int00                                                    
20000548  _sys_memory                                                 
UNDEFED   _system_post_cinit                                          
0000371b  _system_pre_init                                            
0000371f  abort                                                       
ffffffff  binit                                                       
00002c37  clkFxn                                                      
20000535  driverlib_release_0_60062                                   
20000700  g_pfnRAMVectors                                             
00000000  g_pfnVectors                                                
000037a4  i2cCC26xxHWAttrs                                            
200003f8  i2cCC26xxObjects                                            
000034fb  main                                                        
00001649  mainThread                                                  
00001cdd  memcpy                                                      
20000098  pinHandleTable                                              
20000004  pinLowerBound                                               
20000000  pinUpperBound                                               
000034d5  resetISR                                                    
00003728  resourceDB                                                  


GLOBAL SYMBOLS: SORTED BY Symbol Address 

address   name                                                        
-------   ----                                                        
00000000  __TI_static_base__                                          
00000000  g_pfnVectors                                                
000000c9  PowerCC26XX_auxISR                                          
00000100  __SYSMEM_SIZE                                               
000003d5  NOROM_SysCtrlSetRechargeBeforePowerDown                     
00000400  __STACK_SIZE                                                
0000060d  Power_sleep                                                 
00000831  PIN_init                                                    
000009e1  PowerCC26XX_doCalibrate                                     
00000b71  I2CCC26XX_open                                              
00000cbd  NOROM_SetupAfterColdResetWakeupFromShutDownCfg3             
00000f01  Power_init                                                  
00001125  PowerCC26XX_standbyPolicy                                   
00001225  NOROM_SetupAfterColdResetWakeupFromShutDownCfg2             
00001315  SwiP_construct                                              
000013ed  I2CCC26XX_transfer                                          
000014c3  Board_initHook                                              
0000158d  Power_releaseDependency                                     
00001649  mainThread                                                  
00001705  Power_setDependency                                         
000017b9  TimerP_construct                                            
00001869  ClockP_workFuncDynamic                                      
00001911  NOROM_SetupTrimDevice                                       
000019b9  NOROM_SetupAfterColdResetWakeupFromShutDownCfg1             
00001b01  PIN_open                                                    
00001ba1  SwiP_dispatch                                               
00001c41  ClockP_startup                                              
00001cdd  __aeabi_memcpy                                              
00001cdd  __aeabi_memcpy4                                             
00001cdd  __aeabi_memcpy8                                             
00001cdd  memcpy                                                      
00001d79  SemaphoreP_pend                                             
00001e11  __aeabi_uldivmod                                            
00001ea7  SemaphoreP_destruct                                         
00001ea9  I2CCC26XX_cancel                                            
00001fc5  ClockP_start                                                
00002045  HwiP_construct                                              
000020bd  ClockP_walkQueueDynamic                                     
00002131  NOROM_SetupSetVddrLevel                                     
000021a5  TimerP_start                                                
00002215  PowerCC26XX_initiateCalibration                             
000022e9  NOROM_SetupGetTrimForAmpcompCtrl                            
00002351  NOROM_SetupGetTrimForAnabypassValue1                        
000023b9  NOROM_SysCtrlAdjustRechargeAfterPowerDown                   
00002421  NOROM_SysCtrl_DCDC_VoltageConditionalControl                
00002489  SwiP_post                                                   
000024f1  __TI_decompress_lzss                                        
000025c1  NOROM_OSCHF_AttemptToSwitchToXosc                           
00002689  NOROM_OSCClockSourceSet                                     
000026e9  PowerCC26XX_calibrate                                       
00002749  I2CCC26XX_close                                             
000027a5  PowerCC26XX_RCOSC_clockFunc                                 
00002801  PIN_remove                                                  
00002859  NOROM_SetupSetCacheModeAccordingToCcfgSetting               
000028a9  SemaphoreP_construct                                        
00002945  ClockP_construct                                            
0000298d  SwiP_restore                                                
000029d1  __TI_auto_init_nobinit_nopinit                              
00002a15  I2C_init                                                    
00002a55  I2C_open                                                    
00002a95  NOROM_ChipInfo_GetHwRevision                                
00002b15  NOROM_OSC_HPOSCRelativeFrequencyOffsetGet                   
00002b51  SemaphoreP_post                                             
00002bc9  PIN_setConfig                                               
00002c01  TimerP_setNextTick                                          
00002c37  clkFxn                                                      
00002c39  ClockP_getTicksUntilInterrupt                               
00002c6d  NOROM_IntRegister                                           
00002ca1  NOROM_OSCHF_SwitchToRcOscTurnOffXosc                        
00002cd5  Power_releaseConstraint                                     
00002d09  SwiP_destruct                                               
00002d3d  TimerP_initDevice                                           
00002da5  NOROM_ChipInfo_GetChipType                                  
00002dd5  NOROM_SetupSetAonRtcSubSecInc                               
00002e05  PINCC26XX_setMux                                            
00002e35  Power_setConstraint                                         
00002e65  TimerP_getCurrentTick                                       
00002e95  TimerP_setThreshold                                         
00002ef1  NOROM_DDI32RegWrite                                         
00002f1d  NOROM_OSCClockSourceGet                                     
00002f49  NOROM_SetupGetTrimForRadcExtCfg                             
00002f75  NOROM_AONBatMonTemperatureGetDegC                           
00002f9d  Power_registerNotify                                        
00002fc5  SafeHapiVoid                                                
00002fed  ClockP_getTicks                                             
00003011  ClockP_scheduleNextTick                                     
00003035  List_remove                                                 
0000307d  TimerP_getMaxTicks                                          
000030a1  _c_int00                                                    
000030c5  List_put                                                    
000030e9  ClockP_add                                                  
00003109  NOROM_SetupGetTrimForXoscHfCtl                              
00003129  Power_unregisterNotify                                      
00003149  PIN_close                                                   
00003167  Power_getTransitionLatency                                  
00003185  SemaphoreP_constructBinary                                  
000031a5  CC1310_LAUNCHXL_initGeneral                                 
000031c1  HwiP_destruct                                               
000031dd  NOROM_ChipInfo_GetChipFamily                                
000031f9  NOROM_SetupGetTrimForAmpcompTh2                             
00003215  NOROM_SetupGetTrimForRcOscLfRtuneCtuneTrim                  
0000324d  QueueP_put                                                  
00003269  SwiP_disable                                                
00003285  SwiP_or                                                     
000032a1  TimerP_dynamicStub                                          
000032bd  __TI_zero_init_nomemset                                     
000032d9  QueueP_get                                                  
000032f3  ClockP_destruct                                             
0000330d  HwiP_inISR                                                  
00003325  NOROM_AONRTCCurrentCompareValueGet                          
0000333d  NOROM_ChipInfo_GetPackageType                               
00003355  NOROM_OSCHF_TurnOnXosc                                      
0000336d  NOROM_SetupGetTrimForAdcShModeEn                            
00003385  NOROM_SetupGetTrimForAdcShVbufEn                            
0000339d  NOROM_SetupGetTrimForAmpcompTh1                             
000033b5  NOROM_SetupGetTrimForDblrLoopFilterResetVoltage             
000033cd  NOROM_SetupGetTrimForRcOscLfIBiasTrim                       
000033e5  NOROM_SetupGetTrimForXoscLfRegulatorAndCmirrwrRatio         
000033fd  Power_idleFunc                                              
00003415  _args_main                                                  
0000342d  __aeabi_lmul                                                
00003445  NOROM_ThisLibraryIsFor_CC13x0_HwRev20AndLater_HaltIfViolated
0000345d  NOROM_AONRTCCurrent64BitValueGet                            
00003471  NOROM_IntUnregister                                         
00003485  Power_disablePolicy                                         
000034ad  TimerP_startup                                              
000034d5  resetISR                                                    
000034e9  HwiP_Params_init                                            
000034fb  main                                                        
0000350d  ClockP_Params_init                                          
0000351d  ClockP_getCpuFreq                                           
0000352d  HwiP_disable                                                
0000353d  HwiP_disableInterrupt                                       
0000354d  HwiP_enableInterrupt                                        
0000355d  HwiP_post                                                   
0000356d  I2C_Params_init                                             
0000357d  NOROM_SetupGetTrimForXoscHfFastStart                        
0000358d  NOROM_SetupGetTrimForXoscHfIbiastherm                       
0000359d  PINCC26XX_getPinCount                                       
000035ad  PowerCC26XX_schedulerDisable                                
000035bd  Power_enablePolicy                                          
000035cd  SemaphoreP_Params_init                                      
000035dd  SwiP_Params_init                                            
000035ed  TimerP_Params_init                                          
0000360d  NOROM_VIMSModeGet                                           
0000361b  QueueP_empty                                                
00003629  QueueP_remove                                               
00003637  __TI_decompress_none                                        
00003645  ClockP_doTick                                               
00003651  NOROM_CPUcpsid                                              
0000365d  NOROM_CPUcpsie                                              
00003669  NOROM_OSC_HPOSCRelativeFrequencyOffsetToRFCoreFormatConvert 
00003675  PowerCC26XX_schedulerRestore                                
00003681  Power_getConstraintMask                                     
0000368d  Power_getDependencyCount                                    
00003699  SwiP_getTrigger                                             
000036a5  TimerP_getFreq                                              
000036b1  I2CCC26XX_init                                              
000036bb  I2C_close                                                   
000036c5  I2C_transfer                                                
000036cf  Board_init                                                  
000036d7  HwiP_restore                                                
000036e7  ClockP_stop                                                 
000036ed  I2CCC26XX_control                                           
000036f3  NOROM_CPUdelay                                              
000036f9  QueueP_init                                                 
00003703  ClockP_isActive                                             
00003707  ClockP_setTimeout                                           
0000370b  HwiP_enable                                                 
0000370b  NoRTOS_start                                                
0000370f  QueueP_head                                                 
00003713  QueueP_next                                                 
00003717  TimerP_getCount64                                           
0000371b  _system_pre_init                                            
0000371f  C$$EXIT                                                     
0000371f  abort                                                       
00003727  __aeabi_idiv0                                               
00003727  __aeabi_ldiv0                                               
00003728  resourceDB                                                  
00003774  I2CCC26XX_fxnTable                                          
0000378c  PowerCC26XX_config                                          
000037a4  i2cCC26xxHWAttrs                                            
000037bc  ADCBuf_count                                                
000037bd  ADC_count                                                   
000037be  AESCCM_count                                                
000037bf  AESGCM_count                                                
000037c0  AESCBC_count                                                
000037c1  AESCTR_count                                                
000037c2  AESECB_count                                                
000037c3  AESCTRDRBG_count                                            
000037c4  TRNG_count                                                  
000037c5  Display_count                                               
000037c6  I2C_count                                                   
000037c7  I2S_count                                                   
000037c8  NVS_count                                                   
000037c9  PWM_count                                                   
000037ca  SD_count                                                    
000037cb  SPI_count                                                   
000037cc  UART_count                                                  
000037cd  Watchdog_count                                              
000037d0  I2C_defaultParams                                           
000037f0  I2C_config                                                  
000037fc  PINCC26XX_hwAttrs                                           
0000380c  BoardGpioInitTable                                          
00003810  __c_args__                                                  
0000384c  __TI_Handler_Table_Base                                     
00003858  __TI_Handler_Table_Limit                                    
00003868  __TI_CINIT_Base                                             
00003880  __TI_CINIT_Limit                                            
00007fa8  __ccfg                                                      
20000000  __start___llvm_prf_cnts                                     
20000000  __stop___llvm_prf_cnts                                      
20000000  pinUpperBound                                               
20000004  pinLowerBound                                               
20000098  pinHandleTable                                              
20000114  PowerCC26XX_module                                          
2000022c  HwiP_swiPIntNum                                             
200002fc  ClockP_tickPeriod                                           
200003ec  SemaphoreP_defaultParams                                    
200003f8  i2cCC26xxObjects                                            
20000535  driverlib_release_0_60062                                   
20000548  _sys_memory                                                 
20000700  g_pfnRAMVectors                                             
20004c00  __stack                                                     
20005000  __STACK_END                                                 
ffffffff  __TI_pprof_out_hndl                                         
ffffffff  __TI_prof_data_size                                         
ffffffff  __TI_prof_data_start                                        
ffffffff  __binit__                                                   
ffffffff  binit                                                       
UNDEFED   __mpu_init                                                  
UNDEFED   _system_post_cinit                                          

[232 symbols]
