main.c:91:7:intToChar	32	static
main.c:115:7:uintToChar	32	static
main.c:134:6:readBNOReg	48	static
main.c:151:6:readBMP	72	static,ignoring_inline_asm
main.c:206:6:readBNOAccel	56	static,ignoring_inline_asm
main.c:253:6:readBNOMag	48	static,ignoring_inline_asm
main.c:294:6:readBNOGyro	48	static,ignoring_inline_asm
main.c:348:6:bmpPrint	8	static,ignoring_inline_asm
main.c:366:6:bnoMagPrint	8	static,ignoring_inline_asm
main.c:384:6:bnoAccelPrint	8	static,ignoring_inline_asm
main.c:402:6:bnoGyroPrint	8	static,ignoring_inline_asm
main.c:417:6:delayTask	16	static,ignoring_inline_asm
main.c:435:6:initTasks	16	static,ignoring_inline_asm
main.c:449:6:addTask	24	static
main.c:460:6:schedule	4	static
main.c:474:6:PendSV_Handler	8	static,ignoring_inline_asm
main.c:519:5:main	32	static,ignoring_inline_asm
main.c:597:6:SystemClock_Config	96	static
main.c:641:13:MX_I2C1_Init	8	static
main.c:687:13:MX_TIM3_Init	40	static
main.c:732:13:MX_USART1_UART_Init	8	static
main.c:767:13:MX_GPIO_Init	40	static
main.c:788:6:HAL_TIM_PeriodElapsedCallback	24	static
main.c:818:6:Error_Handler	4	static,ignoring_inline_asm
